2026-05-08 14:11:15.474 +03:00 [INF] Database initialized and seeded successfully
2026-05-08 14:11:15.630 +03:00 [INF] Starting HawkinsHS application
2026-05-08 14:11:18.385 +03:00 [INF] HTTP GET / responded 200 in 148.1120 ms
2026-05-08 14:11:18.470 +03:00 [INF] HTTP GET /HawkinsLogo.svg responded 200 in 72.2539 ms
2026-05-08 14:11:18.511 +03:00 [INF] HTTP GET /lib/jquery/dist/jquery.min.js responded 200 in 113.5079 ms
2026-05-08 14:11:18.539 +03:00 [INF] HTTP GET /lib/bootstrap/dist/js/bootstrap.bundle.min.js responded 200 in 52.9025 ms
2026-05-08 14:11:18.771 +03:00 [INF] HTTP GET /favicon.ico responded 200 in 12.9399 ms
2026-05-08 14:11:27.526 +03:00 [INF] HTTP GET /Account/Login responded 200 in 62.6008 ms
2026-05-08 14:11:27.623 +03:00 [INF] HTTP GET /lib/jquery-validation-unobtrusive/jquery.validate.unobtrusive.min.js responded 200 in 45.7246 ms
2026-05-08 14:11:27.668 +03:00 [INF] HTTP GET /lib/jquery-validation/dist/jquery.validate.min.js responded 200 in 90.9073 ms
2026-05-08 14:11:31.504 +03:00 [INF] User lucas logged in
2026-05-08 14:11:31.509 +03:00 [INF] HTTP POST /Account/Login responded 302 in 183.9685 ms
2026-05-08 14:11:31.582 +03:00 [INF] HTTP GET / responded 302 in 65.6753 ms
2026-05-08 14:11:31.654 +03:00 [WRN] Compiling a query which loads related collections for more than one collection navigation, either via 'Include' or through projection, but no 'QuerySplittingBehavior' has been configured. By default, Entity Framework will use 'QuerySplittingBehavior.SingleQuery', which can potentially result in slow query performance. See https://go.microsoft.com/fwlink/?linkid=2134277 for more information. To identify the query that's triggering this warning call 'ConfigureWarnings(w => w.Throw(RelationalEventId.MultipleCollectionIncludeWarning))'.
2026-05-08 14:11:31.838 +03:00 [INF] HTTP GET /Students/Dashboard responded 200 in 249.6757 ms
2026-05-08 14:11:38.448 +03:00 [INF] HTTP GET / responded 302 in 10.9386 ms
2026-05-08 14:11:38.468 +03:00 [INF] HTTP GET /Students/Dashboard responded 200 in 12.8373 ms
2026-05-08 14:11:39.771 +03:00 [WRN] Compiling a query which loads related collections for more than one collection navigation, either via 'Include' or through projection, but no 'QuerySplittingBehavior' has been configured. By default, Entity Framework will use 'QuerySplittingBehavior.SingleQuery', which can potentially result in slow query performance. See https://go.microsoft.com/fwlink/?linkid=2134277 for more information. To identify the query that's triggering this warning call 'ConfigureWarnings(w => w.Throw(RelationalEventId.MultipleCollectionIncludeWarning))'.
2026-05-08 14:11:39.813 +03:00 [INF] HTTP GET /Schedule/Weekly responded 200 in 65.5696 ms
2026-05-08 14:11:45.323 +03:00 [INF] HTTP GET /Announcements responded 200 in 116.9971 ms
2026-05-08 14:11:48.028 +03:00 [INF] HTTP GET /Schedule/Weekly responded 200 in 12.2595 ms
2026-05-08 14:11:52.720 +03:00 [INF] HTTP GET /Schedule/Weekly responded 200 in 8.1274 ms
2026-05-08 14:11:54.878 +03:00 [INF] HTTP GET /Announcements responded 200 in 9.7246 ms
2026-05-08 14:11:58.148 +03:00 [INF] HTTP GET /Announcements responded 200 in 10.5402 ms
2026-05-08 14:11:59.859 +03:00 [INF] HTTP GET / responded 302 in 5.4208 ms
2026-05-08 14:11:59.876 +03:00 [INF] HTTP GET /Students/Dashboard responded 200 in 10.5016 ms
2026-05-08 14:12:05.307 +03:00 [INF] HTTP GET /Account/Profile responded 200 in 11.3416 ms
2026-05-08 14:12:10.641 +03:00 [INF] HTTP GET / responded 302 in 6.4822 ms
2026-05-08 14:12:10.659 +03:00 [INF] HTTP GET /Students/Dashboard responded 200 in 7.9158 ms
2026-05-08 14:12:16.218 +03:00 [INF] HTTP GET /Attendance/StudentReport responded 200 in 37.3903 ms
2026-05-08 14:12:20.644 +03:00 [INF] HTTP GET /Students/Dashboard responded 200 in 20.9228 ms
2026-05-08 14:12:20.672 +03:00 [INF] HTTP GET /Account/Profile responded 200 in 7.8248 ms
2026-05-08 14:12:30.615 +03:00 [INF] HTTP GET / responded 302 in 7.3591 ms
2026-05-08 14:12:30.645 +03:00 [INF] HTTP GET /Students/Dashboard responded 200 in 22.1951 ms
2026-05-08 14:12:32.859 +03:00 [INF] HTTP GET /Courses responded 200 in 33.8292 ms
2026-05-08 14:12:48.182 +03:00 [WRN] Compiling a query which loads related collections for more than one collection navigation, either via 'Include' or through projection, but no 'QuerySplittingBehavior' has been configured. By default, Entity Framework will use 'QuerySplittingBehavior.SingleQuery', which can potentially result in slow query performance. See https://go.microsoft.com/fwlink/?linkid=2134277 for more information. To identify the query that's triggering this warning call 'ConfigureWarnings(w => w.Throw(RelationalEventId.MultipleCollectionIncludeWarning))'.
2026-05-08 14:12:48.226 +03:00 [INF] HTTP GET /Courses/Details/1 responded 200 in 66.6745 ms
2026-05-08 14:12:56.732 +03:00 [INF] HTTP GET /Courses responded 200 in 8.6602 ms
2026-05-08 14:12:58.245 +03:00 [INF] HTTP GET /Courses/Details/2 responded 200 in 8.2721 ms
2026-05-08 14:13:00.489 +03:00 [INF] HTTP GET /Courses responded 200 in 7.6375 ms
2026-05-08 14:13:14.922 +03:00 [INF] HTTP GET /Courses/Details/3 responded 200 in 9.1705 ms
2026-05-08 14:16:11.885 +03:00 [INF] HTTP GET / responded 302 in 8.5277 ms
2026-05-08 14:16:11.923 +03:00 [INF] HTTP GET /Students/Dashboard responded 200 in 24.2288 ms
2026-05-08 14:16:19.802 +03:00 [INF] HTTP GET /Students/MyGrades responded 200 in 30.6803 ms
2026-05-08 14:16:27.420 +03:00 [INF] HTTP GET /Students/Dashboard responded 200 in 7.1841 ms
2026-05-08 14:16:27.474 +03:00 [INF] HTTP GET /Courses/Details/3 responded 200 in 16.6496 ms
2026-05-08 14:16:31.243 +03:00 [INF] HTTP GET / responded 302 in 5.0479 ms
2026-05-08 14:16:31.257 +03:00 [INF] HTTP GET /Students/Dashboard responded 200 in 6.0875 ms
2026-05-08 14:16:44.052 +03:00 [INF] HTTP GET /Students/MyGrades responded 200 in 5.5814 ms
2026-05-08 14:16:46.698 +03:00 [INF] HTTP GET / responded 302 in 6.2321 ms
2026-05-08 14:16:46.726 +03:00 [INF] HTTP GET /Students/Dashboard responded 200 in 21.8916 ms
2026-05-08 14:16:48.197 +03:00 [INF] HTTP GET /Exams responded 200 in 34.8065 ms
2026-05-08 14:16:54.572 +03:00 [INF] HTTP GET /Exams/Details/2 responded 200 in 36.1530 ms
2026-05-08 14:16:59.751 +03:00 [INF] HTTP GET /Exams responded 200 in 9.5153 ms
2026-05-08 14:17:02.300 +03:00 [INF] HTTP GET / responded 302 in 7.0619 ms
2026-05-08 14:17:02.325 +03:00 [INF] HTTP GET /Students/Dashboard responded 200 in 18.3904 ms
2026-05-08 14:17:04.149 +03:00 [INF] HTTP GET /Attendance/StudentReport responded 200 in 9.7860 ms
2026-05-08 14:17:05.929 +03:00 [INF] HTTP GET / responded 302 in 3.3945 ms
2026-05-08 14:17:05.944 +03:00 [INF] HTTP GET /Students/Dashboard responded 200 in 8.3663 ms
2026-05-08 14:17:07.098 +03:00 [INF] HTTP GET /Students/MyGrades responded 200 in 10.0220 ms
2026-05-08 14:17:14.370 +03:00 [INF] HTTP GET / responded 302 in 5.1270 ms
2026-05-08 14:17:14.387 +03:00 [INF] HTTP GET /Students/Dashboard responded 200 in 6.7364 ms
2026-05-08 14:17:15.426 +03:00 [INF] HTTP GET /Attendance/StudentReport responded 200 in 5.9609 ms
2026-05-08 14:54:37.723 +03:00 [INF] Database initialized and seeded successfully
2026-05-08 14:54:37.833 +03:00 [INF] Starting HawkinsHS application
2026-05-08 14:54:38.663 +03:00 [INF] HTTP GET / responded 302 in 149.4655 ms
2026-05-08 14:54:38.789 +03:00 [WRN] Compiling a query which loads related collections for more than one collection navigation, either via 'Include' or through projection, but no 'QuerySplittingBehavior' has been configured. By default, Entity Framework will use 'QuerySplittingBehavior.SingleQuery', which can potentially result in slow query performance. See https://go.microsoft.com/fwlink/?linkid=2134277 for more information. To identify the query that's triggering this warning call 'ConfigureWarnings(w => w.Throw(RelationalEventId.MultipleCollectionIncludeWarning))'.
2026-05-08 14:54:39.017 +03:00 [INF] HTTP GET /Students/Dashboard responded 200 in 334.4274 ms
2026-05-08 14:54:42.540 +03:00 [INF] HTTP GET /Attendance/StudentReport responded 200 in 62.0869 ms
2026-05-08 14:54:46.803 +03:00 [INF] HTTP GET /Students/Dashboard responded 200 in 13.6726 ms
2026-05-08 14:54:48.019 +03:00 [INF] HTTP GET /Students/MyGrades responded 200 in 34.1378 ms
2026-05-08 14:54:53.288 +03:00 [INF] HTTP GET /Students/Dashboard responded 200 in 13.9667 ms
2026-05-08 14:55:01.874 +03:00 [INF] HTTP GET /Account/Profile responded 200 in 14.4397 ms
2026-05-08 14:55:06.992 +03:00 [INF] HTTP GET / responded 302 in 5.8956 ms
2026-05-08 14:55:07.007 +03:00 [INF] HTTP GET /Students/Dashboard responded 200 in 8.0719 ms
