2026-01-31 17:37:45.775 +03:00 [INF] Database initialized and seeded successfully
2026-01-31 17:37:45.946 +03:00 [INF] Starting HawkinsHS application
2026-01-31 17:37:48.044 +03:00 [INF] HTTP GET / responded 200 in 199.4859 ms
2026-01-31 17:37:48.048 +03:00 [INF] HTTP GET /lib/jquery/dist/jquery.min.js responded 304 in 4.8910 ms
2026-01-31 17:37:48.048 +03:00 [INF] HTTP GET /HawkinsLogo.svg responded 304 in 4.8836 ms
2026-01-31 17:37:48.073 +03:00 [INF] HTTP GET /lib/bootstrap/dist/js/bootstrap.bundle.min.js responded 304 in 0.4053 ms
2026-01-31 17:37:48.453 +03:00 [INF] HTTP GET /favicon.ico responded 304 in 0.2725 ms
2026-01-31 17:37:55.154 +03:00 [INF] HTTP GET / responded 200 in 18.5373 ms
2026-01-31 17:37:56.307 +03:00 [INF] HTTP GET /Account/Login responded 200 in 56.8704 ms
2026-01-31 17:37:56.391 +03:00 [INF] HTTP GET /lib/jquery-validation-unobtrusive/jquery.validate.unobtrusive.min.js responded 200 in 59.3507 ms
2026-01-31 17:37:56.408 +03:00 [INF] HTTP GET /lib/jquery-validation/dist/jquery.validate.min.js responded 200 in 77.4289 ms
2026-01-31 17:38:16.233 +03:00 [INF] User lucas logged in
2026-01-31 17:38:16.238 +03:00 [INF] HTTP POST /Account/Login responded 302 in 179.4672 ms
2026-01-31 17:38:16.309 +03:00 [INF] HTTP GET / responded 302 in 65.0183 ms
2026-01-31 17:38:16.389 +03:00 [WRN] Compiling a query which loads related collections for more than one collection navigation, either via 'Include' or through projection, but no 'QuerySplittingBehavior' has been configured. By default, Entity Framework will use 'QuerySplittingBehavior.SingleQuery', which can potentially result in slow query performance. See https://go.microsoft.com/fwlink/?linkid=2134277 for more information. To identify the query that's triggering this warning call 'ConfigureWarnings(w => w.Throw(RelationalEventId.MultipleCollectionIncludeWarning))'.
2026-01-31 17:38:16.583 +03:00 [INF] HTTP GET /Students/Dashboard responded 200 in 267.1448 ms
2026-01-31 17:38:24.453 +03:00 [INF] HTTP GET /Students/MyGrades responded 200 in 41.3789 ms
2026-01-31 17:38:25.767 +03:00 [INF] HTTP GET /Students/Dashboard responded 200 in 24.7236 ms
2026-01-31 17:38:27.933 +03:00 [INF] HTTP GET /Students/MyGrades responded 200 in 7.1158 ms
2026-01-31 17:38:28.619 +03:00 [INF] HTTP GET /Students/Dashboard responded 200 in 9.2698 ms
2026-01-31 17:38:38.620 +03:00 [INF] HTTP GET /Announcements responded 200 in 106.0626 ms
2026-01-31 17:38:39.974 +03:00 [INF] HTTP GET / responded 302 in 5.1098 ms
2026-01-31 17:38:39.988 +03:00 [INF] HTTP GET /Students/Dashboard responded 200 in 8.1343 ms
2026-01-31 17:38:44.753 +03:00 [INF] HTTP GET /Account/Profile responded 200 in 10.1532 ms
