2026-01-21 16:03:40.860 +03:00 [INF] Database initialized and seeded successfully
2026-01-21 16:03:40.963 +03:00 [INF] Starting HawkinsHS application
2026-01-21 16:03:41.090 +03:00 [ERR] Hosting failed to start
System.IO.IOException: Failed to bind to address http://127.0.0.1:5246: address already in use.
 ---> Microsoft.AspNetCore.Connections.AddressInUseException: Normal olarak her yuva adresi (iletişim kuralı/ağ adresi/bağlantı noktası) için yalnızca bir kullanıma izin veriliyor.
 ---> System.Net.Sockets.SocketException (10048): Normal olarak her yuva adresi (iletişim kuralı/ağ adresi/bağlantı noktası) için yalnızca bir kullanıma izin veriliyor.
   at System.Net.Sockets.Socket.UpdateStatusAfterSocketErrorAndThrowException(SocketError error, Boolean disconnectOnFailure, String callerName)
   at System.Net.Sockets.Socket.DoBind(EndPoint endPointSnapshot, SocketAddress socketAddress)
   at System.Net.Sockets.Socket.Bind(EndPoint localEP)
   at Microsoft.AspNetCore.Server.Kestrel.Transport.Sockets.SocketTransportOptions.CreateDefaultBoundListenSocket(EndPoint endpoint)
   at Microsoft.AspNetCore.Server.Kestrel.Transport.Sockets.SocketConnectionListener.Bind()
   --- End of inner exception stack trace ---
   at Microsoft.AspNetCore.Server.Kestrel.Transport.Sockets.SocketConnectionListener.Bind()
   at Microsoft.AspNetCore.Server.Kestrel.Transport.Sockets.SocketTransportFactory.BindAsync(EndPoint endpoint, CancellationToken cancellationToken)
   at Microsoft.AspNetCore.Server.Kestrel.Core.Internal.Infrastructure.TransportManager.BindAsync(EndPoint endPoint, ConnectionDelegate connectionDelegate, EndpointConfig endpointConfig, CancellationToken cancellationToken)
   at Microsoft.AspNetCore.Server.Kestrel.Core.KestrelServerImpl.<>c__DisplayClass28_0`1.<<StartAsync>g__OnBind|0>d.MoveNext()
--- End of stack trace from previous location ---
   at Microsoft.AspNetCore.Server.Kestrel.Core.Internal.AddressBinder.BindEndpointAsync(ListenOptions endpoint, AddressBindContext context, CancellationToken cancellationToken)
   --- End of inner exception stack trace ---
   at Microsoft.AspNetCore.Server.Kestrel.Core.Internal.AddressBinder.BindEndpointAsync(ListenOptions endpoint, AddressBindContext context, CancellationToken cancellationToken)
   at Microsoft.AspNetCore.Server.Kestrel.Core.LocalhostListenOptions.BindAsync(AddressBindContext context, CancellationToken cancellationToken)
   at Microsoft.AspNetCore.Server.Kestrel.Core.Internal.AddressBinder.AddressesStrategy.BindAsync(AddressBindContext context, CancellationToken cancellationToken)
   at Microsoft.AspNetCore.Server.Kestrel.Core.Internal.AddressBinder.BindAsync(ListenOptions[] listenOptions, AddressBindContext context, Func`2 useHttps, CancellationToken cancellationToken)
   at Microsoft.AspNetCore.Server.Kestrel.Core.KestrelServerImpl.BindAsync(CancellationToken cancellationToken)
   at Microsoft.AspNetCore.Server.Kestrel.Core.KestrelServerImpl.StartAsync[TContext](IHttpApplication`1 application, CancellationToken cancellationToken)
   at Microsoft.AspNetCore.Hosting.GenericWebHostService.StartAsync(CancellationToken cancellationToken)
   at Microsoft.Extensions.Hosting.Internal.Host.<StartAsync>b__15_1(IHostedService service, CancellationToken token)
   at Microsoft.Extensions.Hosting.Internal.Host.ForeachService[T](IEnumerable`1 services, CancellationToken token, Boolean concurrent, Boolean abortOnFirstException, List`1 exceptions, Func`3 operation)
2026-01-21 16:03:53.325 +03:00 [INF] Database initialized and seeded successfully
2026-01-21 16:03:53.427 +03:00 [INF] Starting HawkinsHS application
2026-01-21 16:03:54.762 +03:00 [INF] HTTP GET / responded 302 in 171.1726 ms
2026-01-21 16:03:54.889 +03:00 [WRN] Compiling a query which loads related collections for more than one collection navigation, either via 'Include' or through projection, but no 'QuerySplittingBehavior' has been configured. By default, Entity Framework will use 'QuerySplittingBehavior.SingleQuery', which can potentially result in slow query performance. See https://go.microsoft.com/fwlink/?linkid=2134277 for more information. To identify the query that's triggering this warning call 'ConfigureWarnings(w => w.Throw(RelationalEventId.MultipleCollectionIncludeWarning))'.
2026-01-21 16:03:55.113 +03:00 [INF] HTTP GET /Teachers/Dashboard responded 200 in 326.5232 ms
2026-01-21 16:03:55.148 +03:00 [INF] HTTP GET /css/site.css responded 304 in 17.9211 ms
2026-01-21 16:03:55.148 +03:00 [INF] HTTP GET /lib/bootstrap/dist/js/bootstrap.bundle.min.js responded 304 in 15.3262 ms
2026-01-21 16:03:55.148 +03:00 [INF] HTTP GET /lib/bootstrap/dist/css/bootstrap.min.css responded 304 in 17.9929 ms
2026-01-21 16:03:55.148 +03:00 [INF] HTTP GET /lib/jquery/dist/jquery.min.js responded 304 in 16.3709 ms
2026-01-21 16:03:55.148 +03:00 [INF] HTTP GET /js/site.js responded 304 in 7.2785 ms
2026-01-21 16:03:55.175 +03:00 [INF] HTTP GET /Hawkins_HS.styles.css responded 404 in 44.4752 ms
2026-01-21 16:03:55.273 +03:00 [INF] HTTP GET /favicon.ico responded 304 in 0.2601 ms
2026-01-21 16:04:04.186 +03:00 [INF] HTTP GET /Students responded 200 in 44.7501 ms
2026-01-21 16:04:04.221 +03:00 [INF] HTTP GET /Hawkins_HS.styles.css responded 404 in 0.8373 ms
2026-01-21 16:04:08.567 +03:00 [WRN] Compiling a query which loads related collections for more than one collection navigation, either via 'Include' or through projection, but no 'QuerySplittingBehavior' has been configured. By default, Entity Framework will use 'QuerySplittingBehavior.SingleQuery', which can potentially result in slow query performance. See https://go.microsoft.com/fwlink/?linkid=2134277 for more information. To identify the query that's triggering this warning call 'ConfigureWarnings(w => w.Throw(RelationalEventId.MultipleCollectionIncludeWarning))'.
2026-01-21 16:04:08.595 +03:00 [INF] HTTP GET /Students/Details/5 responded 200 in 72.0356 ms
2026-01-21 16:04:08.614 +03:00 [INF] HTTP GET /Hawkins_HS.styles.css responded 404 in 2.3216 ms
2026-01-21 16:04:12.970 +03:00 [WRN] Compiling a query which loads related collections for more than one collection navigation, either via 'Include' or through projection, but no 'QuerySplittingBehavior' has been configured. By default, Entity Framework will use 'QuerySplittingBehavior.SingleQuery', which can potentially result in slow query performance. See https://go.microsoft.com/fwlink/?linkid=2134277 for more information. To identify the query that's triggering this warning call 'ConfigureWarnings(w => w.Throw(RelationalEventId.MultipleCollectionIncludeWarning))'.
2026-01-21 16:04:13.008 +03:00 [INF] HTTP GET /Courses/Details/3 responded 200 in 152.3134 ms
2026-01-21 16:04:13.030 +03:00 [INF] HTTP GET /Hawkins_HS.styles.css responded 404 in 1.6443 ms
2026-01-21 16:04:19.295 +03:00 [WRN] Compiling a query which loads related collections for more than one collection navigation, either via 'Include' or through projection, but no 'QuerySplittingBehavior' has been configured. By default, Entity Framework will use 'QuerySplittingBehavior.SingleQuery', which can potentially result in slow query performance. See https://go.microsoft.com/fwlink/?linkid=2134277 for more information. To identify the query that's triggering this warning call 'ConfigureWarnings(w => w.Throw(RelationalEventId.MultipleCollectionIncludeWarning))'.
2026-01-21 16:04:19.381 +03:00 [ERR] HTTP GET /Grades/EnterGrades/3 responded 500 in 103.3488 ms
System.ArgumentNullException: Value cannot be null. (Parameter 'source')
   at System.Linq.ThrowHelper.ThrowArgumentNullException(ExceptionArgument argument)
   at System.Linq.Enumerable.TryGetNonEnumeratedCount[TSource](IEnumerable`1 source, Int32& count)
   at System.Linq.Enumerable.Any[TSource](IEnumerable`1 source)
   at AspNetCoreGeneratedDocument.Views_Grades_EnterGrades.ExecuteAsync() in C:\Users\tr\source\repos\Hawkins-HS\Hawkins-HS\Views\Grades\EnterGrades.cshtml:line 30
   at Microsoft.AspNetCore.Mvc.Razor.RazorView.RenderPageCoreAsync(IRazorPage page, ViewContext context)
   at Microsoft.AspNetCore.Mvc.Razor.RazorView.RenderPageAsync(IRazorPage page, ViewContext context, Boolean invokeViewStarts)
   at Microsoft.AspNetCore.Mvc.Razor.RazorView.RenderAsync(ViewContext context)
   at Microsoft.AspNetCore.Mvc.ViewFeatures.ViewExecutor.ExecuteAsync(ViewContext viewContext, String contentType, Nullable`1 statusCode)
   at Microsoft.AspNetCore.Mvc.ViewFeatures.ViewExecutor.ExecuteAsync(ViewContext viewContext, String contentType, Nullable`1 statusCode)
   at Microsoft.AspNetCore.Mvc.ViewFeatures.ViewExecutor.ExecuteAsync(ActionContext actionContext, IView view, ViewDataDictionary viewData, ITempDataDictionary tempData, String contentType, Nullable`1 statusCode)
   at Microsoft.AspNetCore.Mvc.ViewFeatures.ViewResultExecutor.ExecuteAsync(ActionContext context, ViewResult result)
   at Microsoft.AspNetCore.Mvc.ViewResult.ExecuteResultAsync(ActionContext context)
   at Microsoft.AspNetCore.Mvc.Infrastructure.ResourceInvoker.<InvokeNextResultFilterAsync>g__Awaited|30_0[TFilter,TFilterAsync](ResourceInvoker invoker, Task lastTask, State next, Scope scope, Object state, Boolean isCompleted)
   at Microsoft.AspNetCore.Mvc.Infrastructure.ResourceInvoker.Rethrow(ResultExecutedContextSealed context)
   at Microsoft.AspNetCore.Mvc.Infrastructure.ResourceInvoker.ResultNext[TFilter,TFilterAsync](State& next, Scope& scope, Object& state, Boolean& isCompleted)
   at Microsoft.AspNetCore.Mvc.Infrastructure.ResourceInvoker.InvokeResultFilters()
--- End of stack trace from previous location ---
   at Microsoft.AspNetCore.Mvc.Infrastructure.ResourceInvoker.<InvokeNextResourceFilter>g__Awaited|25_0(ResourceInvoker invoker, Task lastTask, State next, Scope scope, Object state, Boolean isCompleted)
   at Microsoft.AspNetCore.Mvc.Infrastructure.ResourceInvoker.Rethrow(ResourceExecutedContextSealed context)
   at Microsoft.AspNetCore.Mvc.Infrastructure.ResourceInvoker.Next(State& next, Scope& scope, Object& state, Boolean& isCompleted)
   at Microsoft.AspNetCore.Mvc.Infrastructure.ResourceInvoker.<InvokeFilterPipelineAsync>g__Awaited|20_0(ResourceInvoker invoker, Task lastTask, State next, Scope scope, Object state, Boolean isCompleted)
   at Microsoft.AspNetCore.Mvc.Infrastructure.ResourceInvoker.<InvokeAsync>g__Awaited|17_0(ResourceInvoker invoker, Task task, IDisposable scope)
   at Microsoft.AspNetCore.Mvc.Infrastructure.ResourceInvoker.<InvokeAsync>g__Awaited|17_0(ResourceInvoker invoker, Task task, IDisposable scope)
   at Microsoft.AspNetCore.Authorization.AuthorizationMiddleware.Invoke(HttpContext context)
   at Microsoft.AspNetCore.Authentication.AuthenticationMiddleware.Invoke(HttpContext context)
   at Serilog.AspNetCore.RequestLoggingMiddleware.Invoke(HttpContext httpContext)
2026-01-21 16:04:19.406 +03:00 [ERR] An unhandled exception has occurred while executing the request.
System.ArgumentNullException: Value cannot be null. (Parameter 'source')
   at System.Linq.ThrowHelper.ThrowArgumentNullException(ExceptionArgument argument)
   at System.Linq.Enumerable.TryGetNonEnumeratedCount[TSource](IEnumerable`1 source, Int32& count)
   at System.Linq.Enumerable.Any[TSource](IEnumerable`1 source)
   at AspNetCoreGeneratedDocument.Views_Grades_EnterGrades.ExecuteAsync() in C:\Users\tr\source\repos\Hawkins-HS\Hawkins-HS\Views\Grades\EnterGrades.cshtml:line 30
   at Microsoft.AspNetCore.Mvc.Razor.RazorView.RenderPageCoreAsync(IRazorPage page, ViewContext context)
   at Microsoft.AspNetCore.Mvc.Razor.RazorView.RenderPageAsync(IRazorPage page, ViewContext context, Boolean invokeViewStarts)
   at Microsoft.AspNetCore.Mvc.Razor.RazorView.RenderAsync(ViewContext context)
   at Microsoft.AspNetCore.Mvc.ViewFeatures.ViewExecutor.ExecuteAsync(ViewContext viewContext, String contentType, Nullable`1 statusCode)
   at Microsoft.AspNetCore.Mvc.ViewFeatures.ViewExecutor.ExecuteAsync(ViewContext viewContext, String contentType, Nullable`1 statusCode)
   at Microsoft.AspNetCore.Mvc.ViewFeatures.ViewExecutor.ExecuteAsync(ActionContext actionContext, IView view, ViewDataDictionary viewData, ITempDataDictionary tempData, String contentType, Nullable`1 statusCode)
   at Microsoft.AspNetCore.Mvc.ViewFeatures.ViewResultExecutor.ExecuteAsync(ActionContext context, ViewResult result)
   at Microsoft.AspNetCore.Mvc.ViewResult.ExecuteResultAsync(ActionContext context)
   at Microsoft.AspNetCore.Mvc.Infrastructure.ResourceInvoker.<InvokeNextResultFilterAsync>g__Awaited|30_0[TFilter,TFilterAsync](ResourceInvoker invoker, Task lastTask, State next, Scope scope, Object state, Boolean isCompleted)
   at Microsoft.AspNetCore.Mvc.Infrastructure.ResourceInvoker.Rethrow(ResultExecutedContextSealed context)
   at Microsoft.AspNetCore.Mvc.Infrastructure.ResourceInvoker.ResultNext[TFilter,TFilterAsync](State& next, Scope& scope, Object& state, Boolean& isCompleted)
   at Microsoft.AspNetCore.Mvc.Infrastructure.ResourceInvoker.InvokeResultFilters()
--- End of stack trace from previous location ---
   at Microsoft.AspNetCore.Mvc.Infrastructure.ResourceInvoker.<InvokeNextResourceFilter>g__Awaited|25_0(ResourceInvoker invoker, Task lastTask, State next, Scope scope, Object state, Boolean isCompleted)
   at Microsoft.AspNetCore.Mvc.Infrastructure.ResourceInvoker.Rethrow(ResourceExecutedContextSealed context)
   at Microsoft.AspNetCore.Mvc.Infrastructure.ResourceInvoker.Next(State& next, Scope& scope, Object& state, Boolean& isCompleted)
   at Microsoft.AspNetCore.Mvc.Infrastructure.ResourceInvoker.<InvokeFilterPipelineAsync>g__Awaited|20_0(ResourceInvoker invoker, Task lastTask, State next, Scope scope, Object state, Boolean isCompleted)
   at Microsoft.AspNetCore.Mvc.Infrastructure.ResourceInvoker.<InvokeAsync>g__Awaited|17_0(ResourceInvoker invoker, Task task, IDisposable scope)
   at Microsoft.AspNetCore.Mvc.Infrastructure.ResourceInvoker.<InvokeAsync>g__Awaited|17_0(ResourceInvoker invoker, Task task, IDisposable scope)
   at Microsoft.AspNetCore.Authorization.AuthorizationMiddleware.Invoke(HttpContext context)
   at Microsoft.AspNetCore.Authentication.AuthenticationMiddleware.Invoke(HttpContext context)
   at Serilog.AspNetCore.RequestLoggingMiddleware.Invoke(HttpContext httpContext)
   at Microsoft.AspNetCore.Diagnostics.DeveloperExceptionPageMiddlewareImpl.Invoke(HttpContext context)
2026-01-21 16:07:17.633 +03:00 [INF] Database initialized and seeded successfully
2026-01-21 16:07:17.737 +03:00 [INF] Starting HawkinsHS application
2026-01-21 16:07:19.156 +03:00 [INF] HTTP GET / responded 302 in 151.3529 ms
2026-01-21 16:07:19.290 +03:00 [WRN] Compiling a query which loads related collections for more than one collection navigation, either via 'Include' or through projection, but no 'QuerySplittingBehavior' has been configured. By default, Entity Framework will use 'QuerySplittingBehavior.SingleQuery', which can potentially result in slow query performance. See https://go.microsoft.com/fwlink/?linkid=2134277 for more information. To identify the query that's triggering this warning call 'ConfigureWarnings(w => w.Throw(RelationalEventId.MultipleCollectionIncludeWarning))'.
2026-01-21 16:07:19.515 +03:00 [INF] HTTP GET /Teachers/Dashboard responded 200 in 330.1271 ms
2026-01-21 16:07:19.545 +03:00 [INF] HTTP GET /Hawkins_HS.styles.css responded 404 in 14.0345 ms
2026-01-21 16:07:27.523 +03:00 [WRN] Compiling a query which loads related collections for more than one collection navigation, either via 'Include' or through projection, but no 'QuerySplittingBehavior' has been configured. By default, Entity Framework will use 'QuerySplittingBehavior.SingleQuery', which can potentially result in slow query performance. See https://go.microsoft.com/fwlink/?linkid=2134277 for more information. To identify the query that's triggering this warning call 'ConfigureWarnings(w => w.Throw(RelationalEventId.MultipleCollectionIncludeWarning))'.
2026-01-21 16:07:27.564 +03:00 [INF] HTTP GET /Courses/Details/6 responded 200 in 151.5434 ms
2026-01-21 16:07:27.592 +03:00 [INF] HTTP GET /Hawkins_HS.styles.css responded 404 in 0.8854 ms
2026-01-21 16:07:31.334 +03:00 [INF] HTTP GET /Attendance/TakeAttendance/6 responded 200 in 66.7908 ms
2026-01-21 16:07:31.355 +03:00 [INF] HTTP GET /Hawkins_HS.styles.css responded 404 in 1.7659 ms
2026-01-21 16:07:37.461 +03:00 [INF] Attendance saved: CourseId 6, StudentId 3, Status Present
2026-01-21 16:07:37.463 +03:00 [INF] HTTP POST /Attendance/SaveAttendance responded 302 in 144.9308 ms
2026-01-21 16:07:37.492 +03:00 [INF] HTTP GET /Attendance/TakeAttendance/6 responded 200 in 21.6780 ms
2026-01-21 16:07:37.550 +03:00 [INF] HTTP GET /Hawkins_HS.styles.css responded 404 in 9.9408 ms
2026-01-21 16:07:38.388 +03:00 [INF] Attendance saved: CourseId 6, StudentId 4, Status Present
2026-01-21 16:07:38.389 +03:00 [INF] HTTP POST /Attendance/SaveAttendance responded 302 in 8.5138 ms
2026-01-21 16:07:38.404 +03:00 [INF] HTTP GET /Attendance/TakeAttendance/6 responded 200 in 7.6581 ms
2026-01-21 16:07:38.444 +03:00 [INF] HTTP GET /Hawkins_HS.styles.css responded 404 in 0.9760 ms
2026-01-21 16:07:41.526 +03:00 [WRN] Compiling a query which loads related collections for more than one collection navigation, either via 'Include' or through projection, but no 'QuerySplittingBehavior' has been configured. By default, Entity Framework will use 'QuerySplittingBehavior.SingleQuery', which can potentially result in slow query performance. See https://go.microsoft.com/fwlink/?linkid=2134277 for more information. To identify the query that's triggering this warning call 'ConfigureWarnings(w => w.Throw(RelationalEventId.MultipleCollectionIncludeWarning))'.
2026-01-21 16:07:47.260 +03:00 [ERR] HTTP GET /Attendance/CourseReport/6 responded 500 in 5749.9297 ms
System.NullReferenceException: Object reference not set to an instance of an object.
   at AspNetCoreGeneratedDocument.Views_Attendance_CourseReport.ExecuteAsync() in C:\Users\tr\source\repos\Hawkins-HS\Hawkins-HS\Views\Attendance\CourseReport.cshtml:line 3
   at Microsoft.AspNetCore.Mvc.Razor.RazorView.RenderPageCoreAsync(IRazorPage page, ViewContext context)
   at Microsoft.AspNetCore.Mvc.Razor.RazorView.RenderPageAsync(IRazorPage page, ViewContext context, Boolean invokeViewStarts)
   at Microsoft.AspNetCore.Mvc.Razor.RazorView.RenderAsync(ViewContext context)
   at Microsoft.AspNetCore.Mvc.ViewFeatures.ViewExecutor.ExecuteAsync(ViewContext viewContext, String contentType, Nullable`1 statusCode)
   at Microsoft.AspNetCore.Mvc.ViewFeatures.ViewExecutor.ExecuteAsync(ViewContext viewContext, String contentType, Nullable`1 statusCode)
   at Microsoft.AspNetCore.Mvc.ViewFeatures.ViewExecutor.ExecuteAsync(ActionContext actionContext, IView view, ViewDataDictionary viewData, ITempDataDictionary tempData, String contentType, Nullable`1 statusCode)
   at Microsoft.AspNetCore.Mvc.ViewFeatures.ViewResultExecutor.ExecuteAsync(ActionContext context, ViewResult result)
   at Microsoft.AspNetCore.Mvc.ViewResult.ExecuteResultAsync(ActionContext context)
   at Microsoft.AspNetCore.Mvc.Infrastructure.ResourceInvoker.<InvokeNextResultFilterAsync>g__Awaited|30_0[TFilter,TFilterAsync](ResourceInvoker invoker, Task lastTask, State next, Scope scope, Object state, Boolean isCompleted)
   at Microsoft.AspNetCore.Mvc.Infrastructure.ResourceInvoker.Rethrow(ResultExecutedContextSealed context)
   at Microsoft.AspNetCore.Mvc.Infrastructure.ResourceInvoker.ResultNext[TFilter,TFilterAsync](State& next, Scope& scope, Object& state, Boolean& isCompleted)
   at Microsoft.AspNetCore.Mvc.Infrastructure.ResourceInvoker.InvokeResultFilters()
--- End of stack trace from previous location ---
   at Microsoft.AspNetCore.Mvc.Infrastructure.ResourceInvoker.<InvokeNextResourceFilter>g__Awaited|25_0(ResourceInvoker invoker, Task lastTask, State next, Scope scope, Object state, Boolean isCompleted)
   at Microsoft.AspNetCore.Mvc.Infrastructure.ResourceInvoker.Rethrow(ResourceExecutedContextSealed context)
   at Microsoft.AspNetCore.Mvc.Infrastructure.ResourceInvoker.Next(State& next, Scope& scope, Object& state, Boolean& isCompleted)
   at Microsoft.AspNetCore.Mvc.Infrastructure.ResourceInvoker.<InvokeFilterPipelineAsync>g__Awaited|20_0(ResourceInvoker invoker, Task lastTask, State next, Scope scope, Object state, Boolean isCompleted)
   at Microsoft.AspNetCore.Mvc.Infrastructure.ResourceInvoker.<InvokeAsync>g__Awaited|17_0(ResourceInvoker invoker, Task task, IDisposable scope)
   at Microsoft.AspNetCore.Mvc.Infrastructure.ResourceInvoker.<InvokeAsync>g__Awaited|17_0(ResourceInvoker invoker, Task task, IDisposable scope)
   at Microsoft.AspNetCore.Authorization.AuthorizationMiddleware.Invoke(HttpContext context)
   at Microsoft.AspNetCore.Authentication.AuthenticationMiddleware.Invoke(HttpContext context)
   at Serilog.AspNetCore.RequestLoggingMiddleware.Invoke(HttpContext httpContext)
2026-01-21 16:07:47.281 +03:00 [ERR] An unhandled exception has occurred while executing the request.
System.NullReferenceException: Object reference not set to an instance of an object.
   at AspNetCoreGeneratedDocument.Views_Attendance_CourseReport.ExecuteAsync() in C:\Users\tr\source\repos\Hawkins-HS\Hawkins-HS\Views\Attendance\CourseReport.cshtml:line 3
   at Microsoft.AspNetCore.Mvc.Razor.RazorView.RenderPageCoreAsync(IRazorPage page, ViewContext context)
   at Microsoft.AspNetCore.Mvc.Razor.RazorView.RenderPageAsync(IRazorPage page, ViewContext context, Boolean invokeViewStarts)
   at Microsoft.AspNetCore.Mvc.Razor.RazorView.RenderAsync(ViewContext context)
   at Microsoft.AspNetCore.Mvc.ViewFeatures.ViewExecutor.ExecuteAsync(ViewContext viewContext, String contentType, Nullable`1 statusCode)
   at Microsoft.AspNetCore.Mvc.ViewFeatures.ViewExecutor.ExecuteAsync(ViewContext viewContext, String contentType, Nullable`1 statusCode)
   at Microsoft.AspNetCore.Mvc.ViewFeatures.ViewExecutor.ExecuteAsync(ActionContext actionContext, IView view, ViewDataDictionary viewData, ITempDataDictionary tempData, String contentType, Nullable`1 statusCode)
   at Microsoft.AspNetCore.Mvc.ViewFeatures.ViewResultExecutor.ExecuteAsync(ActionContext context, ViewResult result)
   at Microsoft.AspNetCore.Mvc.ViewResult.ExecuteResultAsync(ActionContext context)
   at Microsoft.AspNetCore.Mvc.Infrastructure.ResourceInvoker.<InvokeNextResultFilterAsync>g__Awaited|30_0[TFilter,TFilterAsync](ResourceInvoker invoker, Task lastTask, State next, Scope scope, Object state, Boolean isCompleted)
   at Microsoft.AspNetCore.Mvc.Infrastructure.ResourceInvoker.Rethrow(ResultExecutedContextSealed context)
   at Microsoft.AspNetCore.Mvc.Infrastructure.ResourceInvoker.ResultNext[TFilter,TFilterAsync](State& next, Scope& scope, Object& state, Boolean& isCompleted)
   at Microsoft.AspNetCore.Mvc.Infrastructure.ResourceInvoker.InvokeResultFilters()
--- End of stack trace from previous location ---
   at Microsoft.AspNetCore.Mvc.Infrastructure.ResourceInvoker.<InvokeNextResourceFilter>g__Awaited|25_0(ResourceInvoker invoker, Task lastTask, State next, Scope scope, Object state, Boolean isCompleted)
   at Microsoft.AspNetCore.Mvc.Infrastructure.ResourceInvoker.Rethrow(ResourceExecutedContextSealed context)
   at Microsoft.AspNetCore.Mvc.Infrastructure.ResourceInvoker.Next(State& next, Scope& scope, Object& state, Boolean& isCompleted)
   at Microsoft.AspNetCore.Mvc.Infrastructure.ResourceInvoker.<InvokeFilterPipelineAsync>g__Awaited|20_0(ResourceInvoker invoker, Task lastTask, State next, Scope scope, Object state, Boolean isCompleted)
   at Microsoft.AspNetCore.Mvc.Infrastructure.ResourceInvoker.<InvokeAsync>g__Awaited|17_0(ResourceInvoker invoker, Task task, IDisposable scope)
   at Microsoft.AspNetCore.Mvc.Infrastructure.ResourceInvoker.<InvokeAsync>g__Awaited|17_0(ResourceInvoker invoker, Task task, IDisposable scope)
   at Microsoft.AspNetCore.Authorization.AuthorizationMiddleware.Invoke(HttpContext context)
   at Microsoft.AspNetCore.Authentication.AuthenticationMiddleware.Invoke(HttpContext context)
   at Serilog.AspNetCore.RequestLoggingMiddleware.Invoke(HttpContext httpContext)
   at Microsoft.AspNetCore.Diagnostics.DeveloperExceptionPageMiddlewareImpl.Invoke(HttpContext context)
2026-01-21 16:09:45.534 +03:00 [INF] Database initialized and seeded successfully
2026-01-21 16:09:45.639 +03:00 [INF] Starting HawkinsHS application
2026-01-21 16:09:46.858 +03:00 [INF] HTTP GET / responded 302 in 149.3074 ms
2026-01-21 16:09:46.989 +03:00 [WRN] Compiling a query which loads related collections for more than one collection navigation, either via 'Include' or through projection, but no 'QuerySplittingBehavior' has been configured. By default, Entity Framework will use 'QuerySplittingBehavior.SingleQuery', which can potentially result in slow query performance. See https://go.microsoft.com/fwlink/?linkid=2134277 for more information. To identify the query that's triggering this warning call 'ConfigureWarnings(w => w.Throw(RelationalEventId.MultipleCollectionIncludeWarning))'.
2026-01-21 16:09:47.206 +03:00 [INF] HTTP GET /Teachers/Dashboard responded 200 in 317.4452 ms
2026-01-21 16:09:47.239 +03:00 [INF] HTTP GET /Hawkins_HS.styles.css responded 404 in 15.8220 ms
2026-01-21 16:09:53.072 +03:00 [INF] HTTP GET /Announcements responded 200 in 148.0476 ms
2026-01-21 16:09:53.138 +03:00 [INF] HTTP GET /Hawkins_HS.styles.css responded 404 in 6.3002 ms
2026-01-21 16:09:54.090 +03:00 [WRN] Compiling a query which loads related collections for more than one collection navigation, either via 'Include' or through projection, but no 'QuerySplittingBehavior' has been configured. By default, Entity Framework will use 'QuerySplittingBehavior.SingleQuery', which can potentially result in slow query performance. See https://go.microsoft.com/fwlink/?linkid=2134277 for more information. To identify the query that's triggering this warning call 'ConfigureWarnings(w => w.Throw(RelationalEventId.MultipleCollectionIncludeWarning))'.
2026-01-21 16:09:54.130 +03:00 [INF] HTTP GET /Schedule/Weekly responded 200 in 55.2995 ms
2026-01-21 16:09:54.146 +03:00 [INF] HTTP GET /Hawkins_HS.styles.css responded 404 in 1.1153 ms
2026-01-21 16:10:00.583 +03:00 [INF] HTTP GET /Exams responded 200 in 23.2243 ms
2026-01-21 16:10:00.607 +03:00 [INF] HTTP GET /Hawkins_HS.styles.css responded 404 in 2.6747 ms
2026-01-21 16:10:04.706 +03:00 [INF] HTTP GET /Courses responded 200 in 31.1683 ms
2026-01-21 16:10:04.730 +03:00 [INF] HTTP GET /Hawkins_HS.styles.css responded 404 in 0.7354 ms
2026-01-21 16:10:06.337 +03:00 [INF] HTTP GET /Students responded 200 in 34.0488 ms
2026-01-21 16:10:06.357 +03:00 [INF] HTTP GET /Hawkins_HS.styles.css responded 404 in 1.5606 ms
2026-01-21 16:10:06.856 +03:00 [INF] HTTP GET /Courses responded 200 in 8.8656 ms
2026-01-21 16:10:06.876 +03:00 [INF] HTTP GET /Hawkins_HS.styles.css responded 404 in 1.1154 ms
2026-01-21 16:10:08.088 +03:00 [WRN] Compiling a query which loads related collections for more than one collection navigation, either via 'Include' or through projection, but no 'QuerySplittingBehavior' has been configured. By default, Entity Framework will use 'QuerySplittingBehavior.SingleQuery', which can potentially result in slow query performance. See https://go.microsoft.com/fwlink/?linkid=2134277 for more information. To identify the query that's triggering this warning call 'ConfigureWarnings(w => w.Throw(RelationalEventId.MultipleCollectionIncludeWarning))'.
2026-01-21 16:10:08.116 +03:00 [INF] HTTP GET /Courses/Details/1 responded 200 in 67.6488 ms
2026-01-21 16:10:08.144 +03:00 [INF] HTTP GET /Hawkins_HS.styles.css responded 404 in 1.0422 ms
2026-01-21 16:10:19.037 +03:00 [INF] HTTP GET /Attendance/TakeAttendance/1 responded 200 in 62.7792 ms
2026-01-21 16:10:19.059 +03:00 [INF] HTTP GET /Hawkins_HS.styles.css responded 404 in 0.7036 ms
2026-01-21 16:10:22.486 +03:00 [INF] Attendance saved: CourseId 1, StudentId 1, Status Present
2026-01-21 16:10:22.488 +03:00 [INF] HTTP POST /Attendance/SaveAttendance responded 302 in 115.7455 ms
2026-01-21 16:10:22.508 +03:00 [INF] HTTP GET /Attendance/TakeAttendance/1 responded 200 in 14.0043 ms
2026-01-21 16:10:22.582 +03:00 [INF] HTTP GET /Hawkins_HS.styles.css responded 404 in 2.5110 ms
2026-01-21 16:10:23.057 +03:00 [INF] Attendance saved: CourseId 1, StudentId 2, Status Present
2026-01-21 16:10:23.058 +03:00 [INF] HTTP POST /Attendance/SaveAttendance responded 302 in 7.8936 ms
2026-01-21 16:10:23.073 +03:00 [INF] HTTP GET /Attendance/TakeAttendance/1 responded 200 in 9.4564 ms
2026-01-21 16:10:23.119 +03:00 [INF] HTTP GET /Hawkins_HS.styles.css responded 404 in 0.6622 ms
2026-01-21 16:10:31.467 +03:00 [INF] Attendance saved: CourseId 1, StudentId 4, Status Late
2026-01-21 16:10:31.469 +03:00 [INF] HTTP POST /Attendance/SaveAttendance responded 302 in 9.8099 ms
2026-01-21 16:10:31.486 +03:00 [INF] HTTP GET /Attendance/TakeAttendance/1 responded 200 in 8.0256 ms
2026-01-21 16:10:31.532 +03:00 [INF] HTTP GET /Hawkins_HS.styles.css responded 404 in 0.5000 ms
2026-01-21 16:10:35.200 +03:00 [WRN] Compiling a query which loads related collections for more than one collection navigation, either via 'Include' or through projection, but no 'QuerySplittingBehavior' has been configured. By default, Entity Framework will use 'QuerySplittingBehavior.SingleQuery', which can potentially result in slow query performance. See https://go.microsoft.com/fwlink/?linkid=2134277 for more information. To identify the query that's triggering this warning call 'ConfigureWarnings(w => w.Throw(RelationalEventId.MultipleCollectionIncludeWarning))'.
2026-01-21 16:10:35.226 +03:00 [INF] HTTP GET /Attendance/CourseReport/1 responded 200 in 43.3843 ms
2026-01-21 16:10:35.247 +03:00 [INF] HTTP GET /Hawkins_HS.styles.css responded 404 in 1.6508 ms
2026-01-21 16:10:38.903 +03:00 [INF] HTTP GET /Attendance/TakeAttendance/1 responded 200 in 8.0205 ms
2026-01-21 16:10:38.922 +03:00 [INF] HTTP GET /Hawkins_HS.styles.css responded 404 in 1.1929 ms
2026-01-21 16:10:43.103 +03:00 [INF] HTTP GET /Attendance/TakeAttendance/1 responded 200 in 8.0606 ms
2026-01-21 16:10:43.128 +03:00 [INF] HTTP GET /Hawkins_HS.styles.css responded 404 in 0.9236 ms
2026-01-21 16:10:47.128 +03:00 [INF] HTTP GET /Attendance/TakeAttendance/1 responded 200 in 11.7021 ms
2026-01-21 16:10:47.152 +03:00 [INF] HTTP GET /Hawkins_HS.styles.css responded 404 in 0.4109 ms
2026-01-21 16:10:49.182 +03:00 [INF] HTTP GET /Attendance/TakeAttendance/1 responded 200 in 11.0627 ms
2026-01-21 16:10:49.204 +03:00 [INF] HTTP GET /Hawkins_HS.styles.css responded 404 in 0.7812 ms
2026-01-21 16:10:52.166 +03:00 [INF] HTTP GET /Attendance/TakeAttendance/1 responded 200 in 6.7722 ms
2026-01-21 16:10:52.859 +03:00 [INF] HTTP GET /Attendance/TakeAttendance/1 responded 200 in 5.2761 ms
2026-01-21 16:10:53.494 +03:00 [INF] HTTP GET /Attendance/TakeAttendance/1 responded 200 in 7.0482 ms
2026-01-21 16:10:55.082 +03:00 [INF] HTTP GET /Students responded 200 in 8.2104 ms
2026-01-21 16:10:55.107 +03:00 [INF] HTTP GET /Hawkins_HS.styles.css responded 404 in 1.2858 ms
2026-01-21 16:10:56.230 +03:00 [INF] HTTP GET /Courses responded 200 in 8.1493 ms
2026-01-21 16:10:56.250 +03:00 [INF] HTTP GET /Hawkins_HS.styles.css responded 404 in 0.7288 ms
2026-01-21 16:10:58.410 +03:00 [INF] HTTP GET /Courses/Details/1 responded 200 in 14.9567 ms
2026-01-21 16:10:58.433 +03:00 [INF] HTTP GET /Hawkins_HS.styles.css responded 404 in 1.6392 ms
2026-01-21 16:11:05.150 +03:00 [WRN] Compiling a query which loads related collections for more than one collection navigation, either via 'Include' or through projection, but no 'QuerySplittingBehavior' has been configured. By default, Entity Framework will use 'QuerySplittingBehavior.SingleQuery', which can potentially result in slow query performance. See https://go.microsoft.com/fwlink/?linkid=2134277 for more information. To identify the query that's triggering this warning call 'ConfigureWarnings(w => w.Throw(RelationalEventId.MultipleCollectionIncludeWarning))'.
2026-01-21 16:11:05.187 +03:00 [INF] HTTP GET /Grades/EnterGrades/1 responded 200 in 57.1230 ms
2026-01-21 16:11:05.210 +03:00 [INF] HTTP GET /Hawkins_HS.styles.css responded 404 in 0.4951 ms
2026-01-21 16:11:27.476 +03:00 [INF] Grade notification to lucas@hawkins.local: 🎯 Yeni Not: İleri Matematik - Ara Sınav: 55 (C)
2026-01-21 16:11:27.483 +03:00 [INF] Grade saved: Lucas Sinclair - Score: 55
2026-01-21 16:11:27.485 +03:00 [INF] HTTP POST /Grades/SaveGrade responded 302 in 60.9122 ms
2026-01-21 16:11:27.558 +03:00 [INF] HTTP GET /Grades/EnterGrades/1 responded 200 in 66.8602 ms
2026-01-21 16:11:27.579 +03:00 [INF] HTTP GET /Hawkins_HS.styles.css responded 404 in 1.7786 ms
2026-01-21 16:11:38.440 +03:00 [INF] Grade notification to max@hawkins.local: 🎯 Yeni Not: İleri Matematik - Ara Sınav: 90 (A)
2026-01-21 16:11:38.442 +03:00 [INF] Grade saved: Max Mayfield - Score: 90
2026-01-21 16:11:38.444 +03:00 [INF] HTTP POST /Grades/SaveGrade responded 302 in 12.4908 ms
2026-01-21 16:11:38.458 +03:00 [INF] HTTP GET /Grades/EnterGrades/1 responded 200 in 8.1010 ms
2026-01-21 16:11:38.494 +03:00 [INF] HTTP GET /Hawkins_HS.styles.css responded 404 in 0.5937 ms
2026-01-21 16:11:42.482 +03:00 [INF] Grade notification to mike@hawkins.local: 🎯 Yeni Not: İleri Matematik - Ara Sınav: 80 (B)
2026-01-21 16:11:42.483 +03:00 [INF] Grade saved: Mike Wheeler - Score: 80
2026-01-21 16:11:42.485 +03:00 [INF] HTTP POST /Grades/SaveGrade responded 302 in 10.7649 ms
2026-01-21 16:11:42.496 +03:00 [INF] HTTP GET /Grades/EnterGrades/1 responded 200 in 5.4809 ms
2026-01-21 16:11:42.545 +03:00 [INF] HTTP GET /Hawkins_HS.styles.css responded 404 in 0.4266 ms
2026-01-21 16:11:48.515 +03:00 [INF] HTTP GET /Exams/Details/1 responded 200 in 33.1802 ms
2026-01-21 16:11:48.539 +03:00 [INF] HTTP GET /Hawkins_HS.styles.css responded 404 in 0.9477 ms
2026-01-21 16:11:54.324 +03:00 [INF] HTTP GET /Exams responded 200 in 6.5395 ms
2026-01-21 16:11:54.347 +03:00 [INF] HTTP GET /Hawkins_HS.styles.css responded 404 in 0.5308 ms
2026-01-21 16:12:02.883 +03:00 [INF] HTTP GET /Courses responded 200 in 9.5188 ms
2026-01-21 16:12:02.905 +03:00 [INF] HTTP GET /Hawkins_HS.styles.css responded 404 in 0.9425 ms
2026-01-21 16:12:06.965 +03:00 [INF] HTTP GET /Students responded 200 in 8.1277 ms
2026-01-21 16:12:06.988 +03:00 [INF] HTTP GET /Hawkins_HS.styles.css responded 404 in 0.6779 ms
2026-01-21 16:13:18.246 +03:00 [WRN] Compiling a query which loads related collections for more than one collection navigation, either via 'Include' or through projection, but no 'QuerySplittingBehavior' has been configured. By default, Entity Framework will use 'QuerySplittingBehavior.SingleQuery', which can potentially result in slow query performance. See https://go.microsoft.com/fwlink/?linkid=2134277 for more information. To identify the query that's triggering this warning call 'ConfigureWarnings(w => w.Throw(RelationalEventId.MultipleCollectionIncludeWarning))'.
2026-01-21 16:13:18.268 +03:00 [INF] HTTP GET /Students/Details/1 responded 200 in 41.5695 ms
2026-01-21 16:13:18.287 +03:00 [INF] HTTP GET /Hawkins_HS.styles.css responded 404 in 2.4620 ms
2026-01-21 16:13:24.427 +03:00 [INF] HTTP GET /Courses/Details/1 responded 200 in 13.5654 ms
2026-01-21 16:13:24.452 +03:00 [INF] HTTP GET /Hawkins_HS.styles.css responded 404 in 0.4210 ms
2026-01-21 16:13:28.509 +03:00 [INF] HTTP GET /Students/Details/1 responded 200 in 7.5087 ms
2026-01-21 16:13:40.017 +03:00 [INF] HTTP GET /Courses/Details/2 responded 200 in 12.6279 ms
2026-01-21 16:13:40.038 +03:00 [INF] HTTP GET /Hawkins_HS.styles.css responded 404 in 0.8811 ms
2026-01-21 16:13:47.481 +03:00 [INF] HTTP GET /Grades/EnterGrades/2 responded 200 in 16.9052 ms
2026-01-21 16:13:47.501 +03:00 [INF] HTTP GET /Hawkins_HS.styles.css responded 404 in 1.1461 ms
2026-01-21 16:14:18.256 +03:00 [INF] Grade notification to lucas@hawkins.local: 🎯 Yeni Not: Fizik I - Quiz 1: 50 (D)
2026-01-21 16:14:18.259 +03:00 [INF] Grade saved: Lucas Sinclair - Score: 50
2026-01-21 16:14:18.261 +03:00 [INF] HTTP POST /Grades/SaveGrade responded 302 in 24.8241 ms
2026-01-21 16:14:18.277 +03:00 [INF] HTTP GET /Grades/EnterGrades/2 responded 200 in 5.8501 ms
2026-01-21 16:14:18.335 +03:00 [INF] HTTP GET /Hawkins_HS.styles.css responded 404 in 0.4192 ms
2026-01-21 16:14:25.056 +03:00 [INF] Grade notification to lucas@hawkins.local: 🎯 Yeni Not: Fizik I - Quiz 1: 80 (B)
2026-01-21 16:14:25.058 +03:00 [INF] Grade saved: Lucas Sinclair - Score: 80
2026-01-21 16:14:25.060 +03:00 [INF] HTTP POST /Grades/SaveGrade responded 302 in 15.8203 ms
2026-01-21 16:14:25.080 +03:00 [INF] HTTP GET /Grades/EnterGrades/2 responded 200 in 14.0611 ms
2026-01-21 16:14:25.119 +03:00 [INF] HTTP GET /Hawkins_HS.styles.css responded 404 in 0.4449 ms
2026-01-21 16:14:29.079 +03:00 [INF] HTTP GET / responded 302 in 6.8701 ms
2026-01-21 16:14:29.100 +03:00 [INF] HTTP GET /Teachers/Dashboard responded 200 in 15.5485 ms
2026-01-21 16:14:29.165 +03:00 [INF] HTTP GET /Hawkins_HS.styles.css responded 404 in 0.6229 ms
2026-01-21 16:14:32.454 +03:00 [INF] HTTP GET /Announcements/Create responded 200 in 57.1137 ms
2026-01-21 16:14:32.471 +03:00 [INF] HTTP GET /Hawkins_HS.styles.css responded 404 in 0.6202 ms
2026-01-21 16:14:32.487 +03:00 [INF] HTTP GET /lib/jquery-validation-unobtrusive/jquery.validate.unobtrusive.min.js responded 304 in 13.1196 ms
2026-01-21 16:14:32.487 +03:00 [INF] HTTP GET /lib/jquery-validation/dist/jquery.validate.min.js responded 304 in 15.0100 ms
2026-01-21 16:14:34.150 +03:00 [INF] HTTP GET /Announcements responded 200 in 8.2913 ms
2026-01-21 16:14:34.171 +03:00 [INF] HTTP GET /Hawkins_HS.styles.css responded 404 in 0.5325 ms
2026-01-21 16:14:35.632 +03:00 [INF] HTTP GET /Courses responded 200 in 6.3597 ms
2026-01-21 16:14:35.654 +03:00 [INF] HTTP GET /Hawkins_HS.styles.css responded 404 in 0.6688 ms
2026-01-21 16:14:36.094 +03:00 [INF] HTTP GET /Exams responded 200 in 5.8170 ms
2026-01-21 16:14:36.114 +03:00 [INF] HTTP GET /Hawkins_HS.styles.css responded 404 in 0.4248 ms
2026-01-21 16:14:43.044 +03:00 [INF] HTTP GET /Exams/Details/2 responded 200 in 15.9382 ms
2026-01-21 16:14:43.067 +03:00 [INF] HTTP GET /Hawkins_HS.styles.css responded 404 in 1.2098 ms
2026-01-21 16:14:47.240 +03:00 [INF] HTTP GET /Exams responded 200 in 6.5832 ms
2026-01-21 16:14:47.261 +03:00 [INF] HTTP GET /Hawkins_HS.styles.css responded 404 in 1.2349 ms
2026-01-21 16:14:53.034 +03:00 [INF] HTTP GET /Exams/Details/4 responded 200 in 5.9218 ms
2026-01-21 16:14:53.057 +03:00 [INF] HTTP GET /Hawkins_HS.styles.css responded 404 in 1.5294 ms
2026-01-21 16:14:56.925 +03:00 [INF] HTTP GET /Exams responded 200 in 5.6803 ms
2026-01-21 16:14:56.951 +03:00 [INF] HTTP GET /Hawkins_HS.styles.css responded 404 in 0.3325 ms
2026-01-21 16:14:57.879 +03:00 [INF] HTTP GET /Exams/Details/2 responded 200 in 6.1236 ms
2026-01-21 16:14:57.900 +03:00 [INF] HTTP GET /Hawkins_HS.styles.css responded 404 in 0.3781 ms
2026-01-21 16:15:03.331 +03:00 [INF] HTTP GET /Exams responded 200 in 6.2360 ms
2026-01-21 16:15:03.356 +03:00 [INF] HTTP GET /Hawkins_HS.styles.css responded 404 in 0.3146 ms
2026-01-21 16:15:04.770 +03:00 [INF] HTTP GET /Exams/Details/1 responded 200 in 5.5146 ms
2026-01-21 16:15:04.792 +03:00 [INF] HTTP GET /Hawkins_HS.styles.css responded 404 in 0.6769 ms
2026-01-21 16:15:11.842 +03:00 [INF] HTTP GET /Exams responded 200 in 5.3022 ms
2026-01-21 16:15:11.863 +03:00 [INF] HTTP GET /Hawkins_HS.styles.css responded 404 in 0.5250 ms
2026-01-21 16:15:13.414 +03:00 [INF] HTTP GET / responded 302 in 5.5483 ms
2026-01-21 16:15:13.442 +03:00 [INF] HTTP GET /Teachers/Dashboard responded 200 in 18.9982 ms
2026-01-21 16:15:13.503 +03:00 [INF] HTTP GET /Hawkins_HS.styles.css responded 404 in 0.5066 ms
2026-01-21 16:15:23.835 +03:00 [INF] HTTP GET / responded 302 in 3.3331 ms
2026-01-21 16:15:23.851 +03:00 [INF] HTTP GET /Teachers/Dashboard responded 200 in 5.4852 ms
2026-01-21 16:15:23.921 +03:00 [INF] HTTP GET /Hawkins_HS.styles.css responded 404 in 0.3882 ms
2026-01-21 16:15:25.127 +03:00 [INF] HTTP GET /Students responded 200 in 7.0203 ms
2026-01-21 16:15:25.150 +03:00 [INF] HTTP GET /Hawkins_HS.styles.css responded 404 in 0.3735 ms
2026-01-21 16:15:29.554 +03:00 [INF] HTTP GET /Courses responded 200 in 8.3807 ms
2026-01-21 16:15:29.578 +03:00 [INF] HTTP GET /Hawkins_HS.styles.css responded 404 in 0.3709 ms
2026-01-21 16:15:30.122 +03:00 [INF] HTTP GET /Exams responded 200 in 6.9043 ms
2026-01-21 16:15:30.145 +03:00 [INF] HTTP GET /Hawkins_HS.styles.css responded 404 in 0.9647 ms
2026-01-21 16:15:30.590 +03:00 [INF] HTTP GET /Announcements responded 200 in 7.8446 ms
2026-01-21 16:15:30.609 +03:00 [INF] HTTP GET /Hawkins_HS.styles.css responded 404 in 0.5116 ms
2026-01-21 16:15:31.282 +03:00 [INF] HTTP GET /Announcements responded 200 in 6.2042 ms
2026-01-21 16:15:31.311 +03:00 [INF] HTTP GET /Hawkins_HS.styles.css responded 404 in 0.4131 ms
2026-01-21 16:15:31.830 +03:00 [INF] HTTP GET /Schedule/Weekly responded 200 in 8.9126 ms
2026-01-21 16:15:31.852 +03:00 [INF] HTTP GET /Hawkins_HS.styles.css responded 404 in 0.3425 ms
2026-01-21 16:15:32.740 +03:00 [INF] HTTP GET /Courses responded 200 in 5.5007 ms
2026-01-21 16:15:32.764 +03:00 [INF] HTTP GET /Hawkins_HS.styles.css responded 404 in 1.1080 ms
2026-01-21 16:15:33.223 +03:00 [INF] HTTP GET /Students responded 200 in 5.2558 ms
2026-01-21 16:15:33.246 +03:00 [INF] HTTP GET /Hawkins_HS.styles.css responded 404 in 0.4727 ms
2026-01-21 16:15:34.006 +03:00 [INF] HTTP GET / responded 302 in 11.3922 ms
2026-01-21 16:15:34.026 +03:00 [INF] HTTP GET /Teachers/Dashboard responded 200 in 13.2858 ms
2026-01-21 16:15:34.093 +03:00 [INF] HTTP GET /Hawkins_HS.styles.css responded 404 in 1.0877 ms
2026-01-21 16:16:27.149 +03:00 [INF] HTTP GET /Courses/Details/1 responded 200 in 20.5143 ms
2026-01-21 16:16:27.167 +03:00 [INF] HTTP GET /Hawkins_HS.styles.css responded 404 in 0.4888 ms
2026-01-21 16:16:31.172 +03:00 [INF] HTTP GET /Attendance/TakeAttendance/1 responded 200 in 14.1432 ms
2026-01-21 16:16:31.210 +03:00 [INF] HTTP GET /Hawkins_HS.styles.css responded 404 in 1.2277 ms
2026-01-21 16:16:33.689 +03:00 [INF] HTTP GET /Courses/Details/1 responded 200 in 12.7165 ms
2026-01-21 16:16:33.709 +03:00 [INF] HTTP GET /Hawkins_HS.styles.css responded 404 in 0.4589 ms
2026-01-21 16:16:34.801 +03:00 [INF] HTTP GET /Attendance/TakeAttendance/1 responded 200 in 5.9393 ms
2026-01-21 16:16:35.611 +03:00 [INF] HTTP GET /Courses/Details/1 responded 200 in 4.5547 ms
2026-01-21 16:16:38.833 +03:00 [INF] HTTP GET /Teachers/Dashboard responded 200 in 11.9036 ms
2026-01-21 16:16:39.947 +03:00 [INF] HTTP GET /Courses/Details/6 responded 200 in 5.4157 ms
2026-01-21 16:16:39.972 +03:00 [INF] HTTP GET /Hawkins_HS.styles.css responded 404 in 0.3402 ms
2026-01-21 16:16:41.827 +03:00 [INF] HTTP GET /Attendance/TakeAttendance/6 responded 200 in 7.4599 ms
2026-01-21 16:16:41.848 +03:00 [INF] HTTP GET /Hawkins_HS.styles.css responded 404 in 0.4478 ms
2026-01-21 16:16:45.764 +03:00 [INF] HTTP GET /Courses/Details/6 responded 200 in 4.5536 ms
2026-01-21 16:17:24.059 +03:00 [INF] HTTP GET / responded 302 in 5.6140 ms
2026-01-21 16:17:24.077 +03:00 [INF] HTTP GET /Teachers/Dashboard responded 200 in 12.6206 ms
2026-01-21 16:17:24.097 +03:00 [INF] HTTP GET /Hawkins_HS.styles.css responded 404 in 1.1815 ms
2026-01-21 16:17:27.723 +03:00 [INF] HTTP GET /Students responded 200 in 6.8877 ms
2026-01-21 16:17:27.761 +03:00 [INF] HTTP GET /Hawkins_HS.styles.css responded 404 in 1.0244 ms
2026-01-21 16:17:31.342 +03:00 [INF] HTTP GET /Students/Details/2 responded 200 in 11.8976 ms
2026-01-21 16:17:31.368 +03:00 [INF] HTTP GET /Hawkins_HS.styles.css responded 404 in 0.3112 ms
2026-01-21 16:17:33.805 +03:00 [INF] HTTP GET /Students responded 200 in 5.2339 ms
2026-01-21 16:17:36.292 +03:00 [INF] HTTP GET /Students/Details/1 responded 200 in 12.9193 ms
2026-01-21 16:17:36.315 +03:00 [INF] HTTP GET /Hawkins_HS.styles.css responded 404 in 0.3630 ms
2026-01-21 16:17:48.614 +03:00 [INF] HTTP GET / responded 302 in 7.1934 ms
2026-01-21 16:17:48.636 +03:00 [INF] HTTP GET /Teachers/Dashboard responded 200 in 15.3830 ms
2026-01-21 16:17:48.682 +03:00 [INF] HTTP GET /Hawkins_HS.styles.css responded 404 in 0.8354 ms
2026-01-21 16:17:56.141 +03:00 [INF] HTTP GET /Exams/Create responded 200 in 48.2585 ms
2026-01-21 16:17:56.161 +03:00 [INF] HTTP GET /Hawkins_HS.styles.css responded 404 in 0.4787 ms
2026-01-21 16:17:57.201 +03:00 [INF] HTTP GET /Teachers/Dashboard responded 200 in 14.7022 ms
2026-01-21 16:17:57.923 +03:00 [INF] HTTP GET /Exams/Create responded 200 in 6.7291 ms
2026-01-21 16:17:57.946 +03:00 [INF] HTTP GET /Hawkins_HS.styles.css responded 404 in 0.3514 ms
2026-01-21 16:17:58.481 +03:00 [INF] HTTP GET /Teachers/Dashboard responded 200 in 12.4577 ms
2026-01-21 16:18:01.993 +03:00 [INF] HTTP GET /Schedule/Weekly responded 200 in 9.4083 ms
2026-01-21 16:18:02.016 +03:00 [INF] HTTP GET /Hawkins_HS.styles.css responded 404 in 0.7895 ms
