2026-01-20 17:52:52.551 +03:00 [INF] Database initialized and seeded successfully
2026-01-20 17:52:52.654 +03:00 [INF] Starting HawkinsHS application
2026-01-20 17:52:52.808 +03:00 [ERR] Hosting failed to start
System.IO.IOException: Failed to bind to address https://127.0.0.1:7285: address already in use.
 ---> Microsoft.AspNetCore.Connections.AddressInUseException: Normal olarak her yuva adresi (iletişim kuralı/ağ adresi/bağlantı noktası) için yalnızca bir kullanıma izin veriliyor.
 ---> System.Net.Sockets.SocketException (10048): Normal olarak her yuva adresi (iletişim kuralı/ağ adresi/bağlantı noktası) için yalnızca bir kullanıma izin veriliyor.
   at System.Net.Sockets.Socket.UpdateStatusAfterSocketErrorAndThrowException(SocketError error, Boolean disconnectOnFailure, String callerName)
   at System.Net.Sockets.Socket.DoBind(EndPoint endPointSnapshot, SocketAddress socketAddress)
   at System.Net.Sockets.Socket.Bind(EndPoint localEP)
   at Microsoft.AspNetCore.Server.Kestrel.Transport.Sockets.SocketTransportOptions.CreateDefaultBoundListenSocket(EndPoint endpoint)
   at Microsoft.AspNetCore.Server.Kestrel.Transport.Sockets.SocketConnectionListener.Bind()
   --- End of inner exception stack trace ---
   at Microsoft.AspNetCore.Server.Kestrel.Transport.Sockets.SocketConnectionListener.Bind()
   at Microsoft.AspNetCore.Server.Kestrel.Transport.Sockets.SocketTransportFactory.BindAsync(EndPoint endpoint, CancellationToken cancellationToken)
   at Microsoft.AspNetCore.Server.Kestrel.Core.Internal.Infrastructure.TransportManager.BindAsync(EndPoint endPoint, ConnectionDelegate connectionDelegate, EndpointConfig endpointConfig, CancellationToken cancellationToken)
   at Microsoft.AspNetCore.Server.Kestrel.Core.KestrelServerImpl.<>c__DisplayClass28_0`1.<<StartAsync>g__OnBind|0>d.MoveNext()
--- End of stack trace from previous location ---
   at Microsoft.AspNetCore.Server.Kestrel.Core.Internal.AddressBinder.BindEndpointAsync(ListenOptions endpoint, AddressBindContext context, CancellationToken cancellationToken)
   --- End of inner exception stack trace ---
   at Microsoft.AspNetCore.Server.Kestrel.Core.Internal.AddressBinder.BindEndpointAsync(ListenOptions endpoint, AddressBindContext context, CancellationToken cancellationToken)
   at Microsoft.AspNetCore.Server.Kestrel.Core.LocalhostListenOptions.BindAsync(AddressBindContext context, CancellationToken cancellationToken)
   at Microsoft.AspNetCore.Server.Kestrel.Core.Internal.AddressBinder.AddressesStrategy.BindAsync(AddressBindContext context, CancellationToken cancellationToken)
   at Microsoft.AspNetCore.Server.Kestrel.Core.Internal.AddressBinder.BindAsync(ListenOptions[] listenOptions, AddressBindContext context, Func`2 useHttps, CancellationToken cancellationToken)
   at Microsoft.AspNetCore.Server.Kestrel.Core.KestrelServerImpl.BindAsync(CancellationToken cancellationToken)
   at Microsoft.AspNetCore.Server.Kestrel.Core.KestrelServerImpl.StartAsync[TContext](IHttpApplication`1 application, CancellationToken cancellationToken)
   at Microsoft.AspNetCore.Hosting.GenericWebHostService.StartAsync(CancellationToken cancellationToken)
   at Microsoft.Extensions.Hosting.Internal.Host.<StartAsync>b__15_1(IHostedService service, CancellationToken token)
   at Microsoft.Extensions.Hosting.Internal.Host.ForeachService[T](IEnumerable`1 services, CancellationToken token, Boolean concurrent, Boolean abortOnFirstException, List`1 exceptions, Func`3 operation)
2026-01-20 17:53:05.691 +03:00 [INF] Database initialized and seeded successfully
2026-01-20 17:53:05.789 +03:00 [INF] Starting HawkinsHS application
2026-01-20 17:53:06.511 +03:00 [INF] HTTP GET / responded 200 in 114.8778 ms
2026-01-20 17:53:06.533 +03:00 [INF] HTTP GET /Hawkins_HS.styles.css responded 404 in 5.1643 ms
2026-01-20 17:53:09.288 +03:00 [INF] HTTP GET /Account/Login responded 200 in 68.5184 ms
2026-01-20 17:53:09.304 +03:00 [INF] HTTP GET /Hawkins_HS.styles.css responded 404 in 2.7972 ms
2026-01-20 17:53:09.333 +03:00 [INF] HTTP GET /lib/jquery-validation-unobtrusive/jquery.validate.unobtrusive.min.js responded 200 in 27.9711 ms
2026-01-20 17:53:09.333 +03:00 [INF] HTTP GET /lib/jquery-validation/dist/jquery.validate.min.js responded 200 in 28.0383 ms
2026-01-20 17:53:36.537 +03:00 [INF] HTTP GET /Account/Login responded 200 in 8.9108 ms
2026-01-20 17:53:36.558 +03:00 [INF] HTTP GET /Hawkins_HS.styles.css responded 404 in 1.3927 ms
2026-01-20 17:53:43.440 +03:00 [INF] User lucas logged in
2026-01-20 17:53:43.445 +03:00 [INF] HTTP POST /Account/Login responded 302 in 170.4276 ms
2026-01-20 17:53:43.514 +03:00 [INF] HTTP GET / responded 302 in 63.7994 ms
2026-01-20 17:53:43.521 +03:00 [INF] HTTP GET /Students/Dashboard responded 404 in 1.4579 ms
2026-01-20 18:17:54.901 +03:00 [INF] Database initialized and seeded successfully
2026-01-20 18:17:55.001 +03:00 [INF] Starting HawkinsHS application
2026-01-20 18:17:55.532 +03:00 [INF] HTTP GET / responded 302 in 110.4077 ms
2026-01-20 18:17:55.553 +03:00 [INF] HTTP GET /Students/Dashboard responded 404 in 3.9704 ms
2026-01-20 18:18:04.144 +03:00 [INF] HTTP GET / responded 302 in 56.7012 ms
2026-01-20 18:18:04.164 +03:00 [INF] HTTP GET /Students/Dashboard responded 404 in 1.6619 ms
2026-01-20 18:20:00.225 +03:00 [INF] Database initialized and seeded successfully
2026-01-20 18:20:00.319 +03:00 [INF] Starting HawkinsHS application
2026-01-20 18:20:01.019 +03:00 [INF] HTTP GET / responded 302 in 106.2061 ms
2026-01-20 18:20:01.040 +03:00 [INF] HTTP GET /Students/Dashboard responded 404 in 4.2785 ms
2026-01-20 18:20:23.441 +03:00 [INF] HTTP GET / responded 302 in 52.8256 ms
2026-01-20 18:20:23.447 +03:00 [INF] HTTP GET /Students/Dashboard responded 404 in 1.1497 ms
2026-01-20 18:46:24.394 +03:00 [INF] Database initialized and seeded successfully
2026-01-20 18:46:24.461 +03:00 [INF] Starting HawkinsHS application
2026-01-20 18:50:48.217 +03:00 [INF] Database initialized and seeded successfully
2026-01-20 18:50:48.326 +03:00 [INF] Starting HawkinsHS application
2026-01-20 18:50:49.399 +03:00 [INF] HTTP GET / responded 302 in 154.2250 ms
2026-01-20 18:50:49.539 +03:00 [WRN] Compiling a query which loads related collections for more than one collection navigation, either via 'Include' or through projection, but no 'QuerySplittingBehavior' has been configured. By default, Entity Framework will use 'QuerySplittingBehavior.SingleQuery', which can potentially result in slow query performance. See https://go.microsoft.com/fwlink/?linkid=2134277 for more information. To identify the query that's triggering this warning call 'ConfigureWarnings(w => w.Throw(RelationalEventId.MultipleCollectionIncludeWarning))'.
2026-01-20 18:50:49.792 +03:00 [INF] HTTP GET /Students/Dashboard responded 200 in 372.7460 ms
2026-01-20 18:50:49.822 +03:00 [INF] HTTP GET /lib/bootstrap/dist/css/bootstrap.min.css responded 304 in 16.2644 ms
2026-01-20 18:50:49.822 +03:00 [INF] HTTP GET /lib/bootstrap/dist/js/bootstrap.bundle.min.js responded 304 in 15.2638 ms
2026-01-20 18:50:49.822 +03:00 [INF] HTTP GET /css/site.css responded 304 in 16.0635 ms
2026-01-20 18:50:49.822 +03:00 [INF] HTTP GET /lib/jquery/dist/jquery.min.js responded 304 in 15.3858 ms
2026-01-20 18:50:49.822 +03:00 [INF] HTTP GET /js/site.js responded 304 in 6.9854 ms
2026-01-20 18:50:49.843 +03:00 [INF] HTTP GET /Hawkins_HS.styles.css responded 404 in 36.1464 ms
2026-01-20 18:50:49.939 +03:00 [INF] HTTP GET /favicon.ico responded 200 in 11.1312 ms
2026-01-20 18:51:02.083 +03:00 [ERR] The view 'MyGrades' was not found. Searched locations: ["/Views/Students/MyGrades.cshtml","/Views/Shared/MyGrades.cshtml"]
2026-01-20 18:51:02.090 +03:00 [ERR] HTTP GET /Students/MyGrades responded 500 in 38.4684 ms
System.InvalidOperationException: The view 'MyGrades' was not found. The following locations were searched:
/Views/Students/MyGrades.cshtml
/Views/Shared/MyGrades.cshtml
   at Microsoft.AspNetCore.Mvc.ViewEngines.ViewEngineResult.EnsureSuccessful(IEnumerable`1 originalLocations)
   at Microsoft.AspNetCore.Mvc.ViewFeatures.ViewResultExecutor.ExecuteAsync(ActionContext context, ViewResult result)
   at Microsoft.AspNetCore.Mvc.ViewResult.ExecuteResultAsync(ActionContext context)
   at Microsoft.AspNetCore.Mvc.Infrastructure.ResourceInvoker.<InvokeNextResultFilterAsync>g__Awaited|30_0[TFilter,TFilterAsync](ResourceInvoker invoker, Task lastTask, State next, Scope scope, Object state, Boolean isCompleted)
   at Microsoft.AspNetCore.Mvc.Infrastructure.ResourceInvoker.Rethrow(ResultExecutedContextSealed context)
   at Microsoft.AspNetCore.Mvc.Infrastructure.ResourceInvoker.ResultNext[TFilter,TFilterAsync](State& next, Scope& scope, Object& state, Boolean& isCompleted)
   at Microsoft.AspNetCore.Mvc.Infrastructure.ResourceInvoker.InvokeResultFilters()
--- End of stack trace from previous location ---
   at Microsoft.AspNetCore.Mvc.Infrastructure.ResourceInvoker.<InvokeNextResourceFilter>g__Awaited|25_0(ResourceInvoker invoker, Task lastTask, State next, Scope scope, Object state, Boolean isCompleted)
   at Microsoft.AspNetCore.Mvc.Infrastructure.ResourceInvoker.Rethrow(ResourceExecutedContextSealed context)
   at Microsoft.AspNetCore.Mvc.Infrastructure.ResourceInvoker.Next(State& next, Scope& scope, Object& state, Boolean& isCompleted)
   at Microsoft.AspNetCore.Mvc.Infrastructure.ResourceInvoker.<InvokeFilterPipelineAsync>g__Awaited|20_0(ResourceInvoker invoker, Task lastTask, State next, Scope scope, Object state, Boolean isCompleted)
   at Microsoft.AspNetCore.Mvc.Infrastructure.ResourceInvoker.<InvokeAsync>g__Awaited|17_0(ResourceInvoker invoker, Task task, IDisposable scope)
   at Microsoft.AspNetCore.Mvc.Infrastructure.ResourceInvoker.<InvokeAsync>g__Awaited|17_0(ResourceInvoker invoker, Task task, IDisposable scope)
   at Microsoft.AspNetCore.Authorization.AuthorizationMiddleware.Invoke(HttpContext context)
   at Microsoft.AspNetCore.Authentication.AuthenticationMiddleware.Invoke(HttpContext context)
   at Serilog.AspNetCore.RequestLoggingMiddleware.Invoke(HttpContext httpContext)
2026-01-20 18:51:02.100 +03:00 [ERR] An unhandled exception has occurred while executing the request.
System.InvalidOperationException: The view 'MyGrades' was not found. The following locations were searched:
/Views/Students/MyGrades.cshtml
/Views/Shared/MyGrades.cshtml
   at Microsoft.AspNetCore.Mvc.ViewEngines.ViewEngineResult.EnsureSuccessful(IEnumerable`1 originalLocations)
   at Microsoft.AspNetCore.Mvc.ViewFeatures.ViewResultExecutor.ExecuteAsync(ActionContext context, ViewResult result)
   at Microsoft.AspNetCore.Mvc.ViewResult.ExecuteResultAsync(ActionContext context)
   at Microsoft.AspNetCore.Mvc.Infrastructure.ResourceInvoker.<InvokeNextResultFilterAsync>g__Awaited|30_0[TFilter,TFilterAsync](ResourceInvoker invoker, Task lastTask, State next, Scope scope, Object state, Boolean isCompleted)
   at Microsoft.AspNetCore.Mvc.Infrastructure.ResourceInvoker.Rethrow(ResultExecutedContextSealed context)
   at Microsoft.AspNetCore.Mvc.Infrastructure.ResourceInvoker.ResultNext[TFilter,TFilterAsync](State& next, Scope& scope, Object& state, Boolean& isCompleted)
   at Microsoft.AspNetCore.Mvc.Infrastructure.ResourceInvoker.InvokeResultFilters()
--- End of stack trace from previous location ---
   at Microsoft.AspNetCore.Mvc.Infrastructure.ResourceInvoker.<InvokeNextResourceFilter>g__Awaited|25_0(ResourceInvoker invoker, Task lastTask, State next, Scope scope, Object state, Boolean isCompleted)
   at Microsoft.AspNetCore.Mvc.Infrastructure.ResourceInvoker.Rethrow(ResourceExecutedContextSealed context)
   at Microsoft.AspNetCore.Mvc.Infrastructure.ResourceInvoker.Next(State& next, Scope& scope, Object& state, Boolean& isCompleted)
   at Microsoft.AspNetCore.Mvc.Infrastructure.ResourceInvoker.<InvokeFilterPipelineAsync>g__Awaited|20_0(ResourceInvoker invoker, Task lastTask, State next, Scope scope, Object state, Boolean isCompleted)
   at Microsoft.AspNetCore.Mvc.Infrastructure.ResourceInvoker.<InvokeAsync>g__Awaited|17_0(ResourceInvoker invoker, Task task, IDisposable scope)
   at Microsoft.AspNetCore.Mvc.Infrastructure.ResourceInvoker.<InvokeAsync>g__Awaited|17_0(ResourceInvoker invoker, Task task, IDisposable scope)
   at Microsoft.AspNetCore.Authorization.AuthorizationMiddleware.Invoke(HttpContext context)
   at Microsoft.AspNetCore.Authentication.AuthenticationMiddleware.Invoke(HttpContext context)
   at Serilog.AspNetCore.RequestLoggingMiddleware.Invoke(HttpContext httpContext)
   at Microsoft.AspNetCore.Diagnostics.DeveloperExceptionPageMiddlewareImpl.Invoke(HttpContext context)
2026-01-20 19:01:29.513 +03:00 [INF] Database initialized and seeded successfully
2026-01-20 19:01:29.583 +03:00 [INF] Starting HawkinsHS application
