2026-01-22 13:49:36.284 +03:00 [INF] Database initialized and seeded successfully
2026-01-22 13:49:36.378 +03:00 [INF] Starting HawkinsHS application
2026-01-22 13:56:51.147 +03:00 [INF] Database initialized and seeded successfully
2026-01-22 13:56:51.267 +03:00 [INF] Starting HawkinsHS application
2026-01-22 13:56:53.219 +03:00 [INF] HTTP GET / responded 302 in 215.3634 ms
2026-01-22 13:56:53.349 +03:00 [WRN] Compiling a query which loads related collections for more than one collection navigation, either via 'Include' or through projection, but no 'QuerySplittingBehavior' has been configured. By default, Entity Framework will use 'QuerySplittingBehavior.SingleQuery', which can potentially result in slow query performance. See https://go.microsoft.com/fwlink/?linkid=2134277 for more information. To identify the query that's triggering this warning call 'ConfigureWarnings(w => w.Throw(RelationalEventId.MultipleCollectionIncludeWarning))'.
2026-01-22 13:56:53.679 +03:00 [INF] HTTP GET /Teachers/Dashboard responded 200 in 435.3121 ms
2026-01-22 13:56:53.697 +03:00 [INF] HTTP GET /lib/bootstrap/dist/css/bootstrap.min.css responded 304 in 4.7193 ms
2026-01-22 13:56:53.720 +03:00 [INF] HTTP GET /css/site.css responded 200 in 41.0861 ms
2026-01-22 13:56:53.723 +03:00 [INF] HTTP GET /lib/bootstrap/dist/js/bootstrap.bundle.min.js responded 304 in 0.2394 ms
2026-01-22 13:56:53.723 +03:00 [INF] HTTP GET /lib/jquery/dist/jquery.min.js responded 304 in 0.1236 ms
2026-01-22 13:56:53.723 +03:00 [INF] HTTP GET /js/site.js responded 304 in 0.1016 ms
2026-01-22 13:56:53.733 +03:00 [INF] HTTP GET /Hawkins_HS.styles.css responded 404 in 37.5329 ms
2026-01-22 13:57:04.319 +03:00 [WRN] Compiling a query which loads related collections for more than one collection navigation, either via 'Include' or through projection, but no 'QuerySplittingBehavior' has been configured. By default, Entity Framework will use 'QuerySplittingBehavior.SingleQuery', which can potentially result in slow query performance. See https://go.microsoft.com/fwlink/?linkid=2134277 for more information. To identify the query that's triggering this warning call 'ConfigureWarnings(w => w.Throw(RelationalEventId.MultipleCollectionIncludeWarning))'.
2026-01-22 13:57:04.594 +03:00 [ERR] HTTP GET /Schedule/Weekly responded 500 in 293.5704 ms
System.FormatException: Input string was not in a correct format.
   at System.Globalization.TimeSpanFormat.FormatCustomized[TChar](TimeSpan value, ReadOnlySpan`1 format, DateTimeFormatInfo dtfi, ValueListBuilder`1& result)
   at System.Globalization.TimeSpanFormat.Format(TimeSpan value, String format, IFormatProvider formatProvider)
   at AspNetCoreGeneratedDocument.Views_Schedule_Weekly.ExecuteAsync() in C:\Users\tr\source\repos\Hawkins-HS\Hawkins-HS\Views\Schedule\Weekly.cshtml:line 78
   at Microsoft.AspNetCore.Mvc.Razor.RazorView.RenderPageCoreAsync(IRazorPage page, ViewContext context)
   at Microsoft.AspNetCore.Mvc.Razor.RazorView.RenderPageAsync(IRazorPage page, ViewContext context, Boolean invokeViewStarts)
   at Microsoft.AspNetCore.Mvc.Razor.RazorView.RenderAsync(ViewContext context)
   at Microsoft.AspNetCore.Mvc.ViewFeatures.ViewExecutor.ExecuteAsync(ViewContext viewContext, String contentType, Nullable`1 statusCode)
   at Microsoft.AspNetCore.Mvc.ViewFeatures.ViewExecutor.ExecuteAsync(ViewContext viewContext, String contentType, Nullable`1 statusCode)
   at Microsoft.AspNetCore.Mvc.ViewFeatures.ViewExecutor.ExecuteAsync(ActionContext actionContext, IView view, ViewDataDictionary viewData, ITempDataDictionary tempData, String contentType, Nullable`1 statusCode)
   at Microsoft.AspNetCore.Mvc.ViewFeatures.ViewResultExecutor.ExecuteAsync(ActionContext context, ViewResult result)
   at Microsoft.AspNetCore.Mvc.ViewResult.ExecuteResultAsync(ActionContext context)
   at Microsoft.AspNetCore.Mvc.Infrastructure.ResourceInvoker.<InvokeNextResultFilterAsync>g__Awaited|30_0[TFilter,TFilterAsync](ResourceInvoker invoker, Task lastTask, State next, Scope scope, Object state, Boolean isCompleted)
   at Microsoft.AspNetCore.Mvc.Infrastructure.ResourceInvoker.Rethrow(ResultExecutedContextSealed context)
   at Microsoft.AspNetCore.Mvc.Infrastructure.ResourceInvoker.ResultNext[TFilter,TFilterAsync](State& next, Scope& scope, Object& state, Boolean& isCompleted)
   at Microsoft.AspNetCore.Mvc.Infrastructure.ResourceInvoker.InvokeResultFilters()
--- End of stack trace from previous location ---
   at Microsoft.AspNetCore.Mvc.Infrastructure.ResourceInvoker.<InvokeNextResourceFilter>g__Awaited|25_0(ResourceInvoker invoker, Task lastTask, State next, Scope scope, Object state, Boolean isCompleted)
   at Microsoft.AspNetCore.Mvc.Infrastructure.ResourceInvoker.Rethrow(ResourceExecutedContextSealed context)
   at Microsoft.AspNetCore.Mvc.Infrastructure.ResourceInvoker.Next(State& next, Scope& scope, Object& state, Boolean& isCompleted)
   at Microsoft.AspNetCore.Mvc.Infrastructure.ResourceInvoker.<InvokeFilterPipelineAsync>g__Awaited|20_0(ResourceInvoker invoker, Task lastTask, State next, Scope scope, Object state, Boolean isCompleted)
   at Microsoft.AspNetCore.Mvc.Infrastructure.ResourceInvoker.<InvokeAsync>g__Awaited|17_0(ResourceInvoker invoker, Task task, IDisposable scope)
   at Microsoft.AspNetCore.Mvc.Infrastructure.ResourceInvoker.<InvokeAsync>g__Awaited|17_0(ResourceInvoker invoker, Task task, IDisposable scope)
   at Microsoft.AspNetCore.Authorization.AuthorizationMiddleware.Invoke(HttpContext context)
   at Microsoft.AspNetCore.Authentication.AuthenticationMiddleware.Invoke(HttpContext context)
   at Serilog.AspNetCore.RequestLoggingMiddleware.Invoke(HttpContext httpContext)
2026-01-22 13:57:04.674 +03:00 [ERR] An unhandled exception has occurred while executing the request.
System.FormatException: Input string was not in a correct format.
   at System.Globalization.TimeSpanFormat.FormatCustomized[TChar](TimeSpan value, ReadOnlySpan`1 format, DateTimeFormatInfo dtfi, ValueListBuilder`1& result)
   at System.Globalization.TimeSpanFormat.Format(TimeSpan value, String format, IFormatProvider formatProvider)
   at AspNetCoreGeneratedDocument.Views_Schedule_Weekly.ExecuteAsync() in C:\Users\tr\source\repos\Hawkins-HS\Hawkins-HS\Views\Schedule\Weekly.cshtml:line 78
   at Microsoft.AspNetCore.Mvc.Razor.RazorView.RenderPageCoreAsync(IRazorPage page, ViewContext context)
   at Microsoft.AspNetCore.Mvc.Razor.RazorView.RenderPageAsync(IRazorPage page, ViewContext context, Boolean invokeViewStarts)
   at Microsoft.AspNetCore.Mvc.Razor.RazorView.RenderAsync(ViewContext context)
   at Microsoft.AspNetCore.Mvc.ViewFeatures.ViewExecutor.ExecuteAsync(ViewContext viewContext, String contentType, Nullable`1 statusCode)
   at Microsoft.AspNetCore.Mvc.ViewFeatures.ViewExecutor.ExecuteAsync(ViewContext viewContext, String contentType, Nullable`1 statusCode)
   at Microsoft.AspNetCore.Mvc.ViewFeatures.ViewExecutor.ExecuteAsync(ActionContext actionContext, IView view, ViewDataDictionary viewData, ITempDataDictionary tempData, String contentType, Nullable`1 statusCode)
   at Microsoft.AspNetCore.Mvc.ViewFeatures.ViewResultExecutor.ExecuteAsync(ActionContext context, ViewResult result)
   at Microsoft.AspNetCore.Mvc.ViewResult.ExecuteResultAsync(ActionContext context)
   at Microsoft.AspNetCore.Mvc.Infrastructure.ResourceInvoker.<InvokeNextResultFilterAsync>g__Awaited|30_0[TFilter,TFilterAsync](ResourceInvoker invoker, Task lastTask, State next, Scope scope, Object state, Boolean isCompleted)
   at Microsoft.AspNetCore.Mvc.Infrastructure.ResourceInvoker.Rethrow(ResultExecutedContextSealed context)
   at Microsoft.AspNetCore.Mvc.Infrastructure.ResourceInvoker.ResultNext[TFilter,TFilterAsync](State& next, Scope& scope, Object& state, Boolean& isCompleted)
   at Microsoft.AspNetCore.Mvc.Infrastructure.ResourceInvoker.InvokeResultFilters()
--- End of stack trace from previous location ---
   at Microsoft.AspNetCore.Mvc.Infrastructure.ResourceInvoker.<InvokeNextResourceFilter>g__Awaited|25_0(ResourceInvoker invoker, Task lastTask, State next, Scope scope, Object state, Boolean isCompleted)
   at Microsoft.AspNetCore.Mvc.Infrastructure.ResourceInvoker.Rethrow(ResourceExecutedContextSealed context)
   at Microsoft.AspNetCore.Mvc.Infrastructure.ResourceInvoker.Next(State& next, Scope& scope, Object& state, Boolean& isCompleted)
   at Microsoft.AspNetCore.Mvc.Infrastructure.ResourceInvoker.<InvokeFilterPipelineAsync>g__Awaited|20_0(ResourceInvoker invoker, Task lastTask, State next, Scope scope, Object state, Boolean isCompleted)
   at Microsoft.AspNetCore.Mvc.Infrastructure.ResourceInvoker.<InvokeAsync>g__Awaited|17_0(ResourceInvoker invoker, Task task, IDisposable scope)
   at Microsoft.AspNetCore.Mvc.Infrastructure.ResourceInvoker.<InvokeAsync>g__Awaited|17_0(ResourceInvoker invoker, Task task, IDisposable scope)
   at Microsoft.AspNetCore.Authorization.AuthorizationMiddleware.Invoke(HttpContext context)
   at Microsoft.AspNetCore.Authentication.AuthenticationMiddleware.Invoke(HttpContext context)
   at Serilog.AspNetCore.RequestLoggingMiddleware.Invoke(HttpContext httpContext)
   at Microsoft.AspNetCore.Diagnostics.DeveloperExceptionPageMiddlewareImpl.Invoke(HttpContext context)
2026-01-22 13:57:11.042 +03:00 [INF] HTTP GET /Teachers/Dashboard responded 200 in 20.3252 ms
2026-01-22 13:57:12.082 +03:00 [INF] HTTP GET /Announcements responded 200 in 123.1068 ms
2026-01-22 13:57:12.109 +03:00 [INF] HTTP GET /Hawkins_HS.styles.css responded 404 in 3.2059 ms
2026-01-22 13:57:12.854 +03:00 [INF] HTTP GET /Exams responded 200 in 61.2581 ms
2026-01-22 13:57:12.874 +03:00 [INF] HTTP GET /Hawkins_HS.styles.css responded 404 in 1.8762 ms
2026-01-22 13:57:13.361 +03:00 [INF] HTTP GET /Courses responded 200 in 33.6346 ms
2026-01-22 13:57:13.380 +03:00 [INF] HTTP GET /Hawkins_HS.styles.css responded 404 in 1.3223 ms
2026-01-22 13:57:13.701 +03:00 [INF] HTTP GET /Students responded 200 in 36.9752 ms
2026-01-22 13:57:13.722 +03:00 [INF] HTTP GET /Hawkins_HS.styles.css responded 404 in 1.9699 ms
2026-01-22 13:57:14.055 +03:00 [INF] HTTP GET / responded 302 in 5.6822 ms
2026-01-22 13:57:14.069 +03:00 [INF] HTTP GET /Teachers/Dashboard responded 200 in 8.2235 ms
2026-01-22 13:57:14.117 +03:00 [INF] HTTP GET /Hawkins_HS.styles.css responded 404 in 0.4878 ms
2026-01-22 13:57:14.413 +03:00 [INF] HTTP GET / responded 302 in 3.6658 ms
2026-01-22 13:57:14.425 +03:00 [INF] HTTP GET /Teachers/Dashboard responded 200 in 6.8641 ms
2026-01-22 13:57:14.463 +03:00 [INF] HTTP GET /Hawkins_HS.styles.css responded 404 in 0.5981 ms
2026-01-22 13:57:14.929 +03:00 [INF] HTTP GET / responded 302 in 4.6845 ms
2026-01-22 13:57:14.943 +03:00 [INF] HTTP GET /Teachers/Dashboard responded 200 in 8.1953 ms
2026-01-22 13:57:14.991 +03:00 [INF] HTTP GET /Hawkins_HS.styles.css responded 404 in 0.6014 ms
2026-01-22 14:02:07.796 +03:00 [INF] Database initialized and seeded successfully
2026-01-22 14:02:07.887 +03:00 [INF] Starting HawkinsHS application
