2026-01-22 14:06:50.115 +03:00 [INF] Database initialized and seeded successfully
2026-01-22 14:06:50.228 +03:00 [INF] Starting HawkinsHS application
2026-01-22 14:06:50.407 +03:00 [ERR] Hosting failed to start
System.IO.IOException: Failed to bind to address http://127.0.0.1:5246: address already in use.
 ---> Microsoft.AspNetCore.Connections.AddressInUseException: Normal olarak her yuva adresi (iletişim kuralı/ağ adresi/bağlantı noktası) için yalnızca bir kullanıma izin veriliyor.
 ---> System.Net.Sockets.SocketException (10048): Normal olarak her yuva adresi (iletişim kuralı/ağ adresi/bağlantı noktası) için yalnızca bir kullanıma izin veriliyor.
   at System.Net.Sockets.Socket.UpdateStatusAfterSocketErrorAndThrowException(SocketError error, Boolean disconnectOnFailure, String callerName)
   at System.Net.Sockets.Socket.DoBind(EndPoint endPointSnapshot, SocketAddress socketAddress)
   at System.Net.Sockets.Socket.Bind(EndPoint localEP)
   at Microsoft.AspNetCore.Server.Kestrel.Transport.Sockets.SocketTransportOptions.CreateDefaultBoundListenSocket(EndPoint endpoint)
   at Microsoft.AspNetCore.Server.Kestrel.Transport.Sockets.SocketConnectionListener.Bind()
   --- End of inner exception stack trace ---
   at Microsoft.AspNetCore.Server.Kestrel.Transport.Sockets.SocketConnectionListener.Bind()
   at Microsoft.AspNetCore.Server.Kestrel.Transport.Sockets.SocketTransportFactory.BindAsync(EndPoint endpoint, CancellationToken cancellationToken)
   at Microsoft.AspNetCore.Server.Kestrel.Core.Internal.Infrastructure.TransportManager.BindAsync(EndPoint endPoint, ConnectionDelegate connectionDelegate, EndpointConfig endpointConfig, CancellationToken cancellationToken)
   at Microsoft.AspNetCore.Server.Kestrel.Core.KestrelServerImpl.<>c__DisplayClass28_0`1.<<StartAsync>g__OnBind|0>d.MoveNext()
--- End of stack trace from previous location ---
   at Microsoft.AspNetCore.Server.Kestrel.Core.Internal.AddressBinder.BindEndpointAsync(ListenOptions endpoint, AddressBindContext context, CancellationToken cancellationToken)
   --- End of inner exception stack trace ---
   at Microsoft.AspNetCore.Server.Kestrel.Core.Internal.AddressBinder.BindEndpointAsync(ListenOptions endpoint, AddressBindContext context, CancellationToken cancellationToken)
   at Microsoft.AspNetCore.Server.Kestrel.Core.LocalhostListenOptions.BindAsync(AddressBindContext context, CancellationToken cancellationToken)
   at Microsoft.AspNetCore.Server.Kestrel.Core.Internal.AddressBinder.AddressesStrategy.BindAsync(AddressBindContext context, CancellationToken cancellationToken)
   at Microsoft.AspNetCore.Server.Kestrel.Core.Internal.AddressBinder.BindAsync(ListenOptions[] listenOptions, AddressBindContext context, Func`2 useHttps, CancellationToken cancellationToken)
   at Microsoft.AspNetCore.Server.Kestrel.Core.KestrelServerImpl.BindAsync(CancellationToken cancellationToken)
   at Microsoft.AspNetCore.Server.Kestrel.Core.KestrelServerImpl.StartAsync[TContext](IHttpApplication`1 application, CancellationToken cancellationToken)
   at Microsoft.AspNetCore.Hosting.GenericWebHostService.StartAsync(CancellationToken cancellationToken)
   at Microsoft.Extensions.Hosting.Internal.Host.<StartAsync>b__15_1(IHostedService service, CancellationToken token)
   at Microsoft.Extensions.Hosting.Internal.Host.ForeachService[T](IEnumerable`1 services, CancellationToken token, Boolean concurrent, Boolean abortOnFirstException, List`1 exceptions, Func`3 operation)
2026-01-22 14:07:11.723 +03:00 [INF] Database initialized and seeded successfully
2026-01-22 14:07:11.831 +03:00 [INF] Starting HawkinsHS application
2026-01-22 14:07:11.957 +03:00 [ERR] Hosting failed to start
System.IO.IOException: Failed to bind to address http://127.0.0.1:5246: address already in use.
 ---> Microsoft.AspNetCore.Connections.AddressInUseException: Normal olarak her yuva adresi (iletişim kuralı/ağ adresi/bağlantı noktası) için yalnızca bir kullanıma izin veriliyor.
 ---> System.Net.Sockets.SocketException (10048): Normal olarak her yuva adresi (iletişim kuralı/ağ adresi/bağlantı noktası) için yalnızca bir kullanıma izin veriliyor.
   at System.Net.Sockets.Socket.UpdateStatusAfterSocketErrorAndThrowException(SocketError error, Boolean disconnectOnFailure, String callerName)
   at System.Net.Sockets.Socket.DoBind(EndPoint endPointSnapshot, SocketAddress socketAddress)
   at System.Net.Sockets.Socket.Bind(EndPoint localEP)
   at Microsoft.AspNetCore.Server.Kestrel.Transport.Sockets.SocketTransportOptions.CreateDefaultBoundListenSocket(EndPoint endpoint)
   at Microsoft.AspNetCore.Server.Kestrel.Transport.Sockets.SocketConnectionListener.Bind()
   --- End of inner exception stack trace ---
   at Microsoft.AspNetCore.Server.Kestrel.Transport.Sockets.SocketConnectionListener.Bind()
   at Microsoft.AspNetCore.Server.Kestrel.Transport.Sockets.SocketTransportFactory.BindAsync(EndPoint endpoint, CancellationToken cancellationToken)
   at Microsoft.AspNetCore.Server.Kestrel.Core.Internal.Infrastructure.TransportManager.BindAsync(EndPoint endPoint, ConnectionDelegate connectionDelegate, EndpointConfig endpointConfig, CancellationToken cancellationToken)
   at Microsoft.AspNetCore.Server.Kestrel.Core.KestrelServerImpl.<>c__DisplayClass28_0`1.<<StartAsync>g__OnBind|0>d.MoveNext()
--- End of stack trace from previous location ---
   at Microsoft.AspNetCore.Server.Kestrel.Core.Internal.AddressBinder.BindEndpointAsync(ListenOptions endpoint, AddressBindContext context, CancellationToken cancellationToken)
   --- End of inner exception stack trace ---
   at Microsoft.AspNetCore.Server.Kestrel.Core.Internal.AddressBinder.BindEndpointAsync(ListenOptions endpoint, AddressBindContext context, CancellationToken cancellationToken)
   at Microsoft.AspNetCore.Server.Kestrel.Core.LocalhostListenOptions.BindAsync(AddressBindContext context, CancellationToken cancellationToken)
   at Microsoft.AspNetCore.Server.Kestrel.Core.Internal.AddressBinder.AddressesStrategy.BindAsync(AddressBindContext context, CancellationToken cancellationToken)
   at Microsoft.AspNetCore.Server.Kestrel.Core.Internal.AddressBinder.BindAsync(ListenOptions[] listenOptions, AddressBindContext context, Func`2 useHttps, CancellationToken cancellationToken)
   at Microsoft.AspNetCore.Server.Kestrel.Core.KestrelServerImpl.BindAsync(CancellationToken cancellationToken)
   at Microsoft.AspNetCore.Server.Kestrel.Core.KestrelServerImpl.StartAsync[TContext](IHttpApplication`1 application, CancellationToken cancellationToken)
   at Microsoft.AspNetCore.Hosting.GenericWebHostService.StartAsync(CancellationToken cancellationToken)
   at Microsoft.Extensions.Hosting.Internal.Host.<StartAsync>b__15_1(IHostedService service, CancellationToken token)
   at Microsoft.Extensions.Hosting.Internal.Host.ForeachService[T](IEnumerable`1 services, CancellationToken token, Boolean concurrent, Boolean abortOnFirstException, List`1 exceptions, Func`3 operation)
2026-01-22 14:07:30.517 +03:00 [INF] Database initialized and seeded successfully
2026-01-22 14:07:30.620 +03:00 [INF] Starting HawkinsHS application
2026-01-22 14:07:31.829 +03:00 [INF] HTTP GET / responded 302 in 165.4711 ms
2026-01-22 14:07:31.970 +03:00 [WRN] Compiling a query which loads related collections for more than one collection navigation, either via 'Include' or through projection, but no 'QuerySplittingBehavior' has been configured. By default, Entity Framework will use 'QuerySplittingBehavior.SingleQuery', which can potentially result in slow query performance. See https://go.microsoft.com/fwlink/?linkid=2134277 for more information. To identify the query that's triggering this warning call 'ConfigureWarnings(w => w.Throw(RelationalEventId.MultipleCollectionIncludeWarning))'.
2026-01-22 14:07:32.220 +03:00 [INF] HTTP GET /Teachers/Dashboard responded 200 in 367.4893 ms
2026-01-22 14:07:32.236 +03:00 [INF] HTTP GET /css/site.css responded 304 in 3.5592 ms
2026-01-22 14:07:32.247 +03:00 [INF] HTTP GET /Hawkins_HS.styles.css responded 404 in 12.2734 ms
2026-01-22 14:07:32.381 +03:00 [INF] HTTP GET /favicon.ico responded 304 in 0.3619 ms
2026-01-22 14:07:45.058 +03:00 [INF] HTTP GET /Students responded 200 in 46.2603 ms
2026-01-22 14:07:45.083 +03:00 [INF] HTTP GET /Hawkins_HS.styles.css responded 404 in 2.0203 ms
2026-01-22 14:07:49.479 +03:00 [WRN] Compiling a query which loads related collections for more than one collection navigation, either via 'Include' or through projection, but no 'QuerySplittingBehavior' has been configured. By default, Entity Framework will use 'QuerySplittingBehavior.SingleQuery', which can potentially result in slow query performance. See https://go.microsoft.com/fwlink/?linkid=2134277 for more information. To identify the query that's triggering this warning call 'ConfigureWarnings(w => w.Throw(RelationalEventId.MultipleCollectionIncludeWarning))'.
2026-01-22 14:07:49.517 +03:00 [INF] HTTP GET /Students/Details/1 responded 200 in 85.1712 ms
2026-01-22 14:07:49.539 +03:00 [INF] HTTP GET /Hawkins_HS.styles.css responded 404 in 0.7673 ms
2026-01-22 14:07:55.598 +03:00 [INF] HTTP GET /Students responded 200 in 8.6368 ms
2026-01-22 14:07:56.590 +03:00 [WRN] Compiling a query which loads related collections for more than one collection navigation, either via 'Include' or through projection, but no 'QuerySplittingBehavior' has been configured. By default, Entity Framework will use 'QuerySplittingBehavior.SingleQuery', which can potentially result in slow query performance. See https://go.microsoft.com/fwlink/?linkid=2134277 for more information. To identify the query that's triggering this warning call 'ConfigureWarnings(w => w.Throw(RelationalEventId.MultipleCollectionIncludeWarning))'.
2026-01-22 14:07:56.622 +03:00 [INF] HTTP GET /Schedule/Weekly responded 200 in 46.4886 ms
2026-01-22 14:07:56.649 +03:00 [INF] HTTP GET /Hawkins_HS.styles.css responded 404 in 1.2397 ms
2026-01-22 14:16:53.963 +03:00 [INF] Database initialized and seeded successfully
2026-01-22 14:16:54.033 +03:00 [INF] Starting HawkinsHS application
2026-01-22 15:07:12.319 +03:00 [INF] Database initialized and seeded successfully
2026-01-22 15:07:12.427 +03:00 [INF] Starting HawkinsHS application
2026-01-22 15:07:14.433 +03:00 [INF] HTTP GET / responded 302 in 221.0063 ms
2026-01-22 15:07:14.596 +03:00 [WRN] Compiling a query which loads related collections for more than one collection navigation, either via 'Include' or through projection, but no 'QuerySplittingBehavior' has been configured. By default, Entity Framework will use 'QuerySplittingBehavior.SingleQuery', which can potentially result in slow query performance. See https://go.microsoft.com/fwlink/?linkid=2134277 for more information. To identify the query that's triggering this warning call 'ConfigureWarnings(w => w.Throw(RelationalEventId.MultipleCollectionIncludeWarning))'.
2026-01-22 15:07:14.850 +03:00 [INF] HTTP GET /Teachers/Dashboard responded 200 in 384.1855 ms
2026-01-22 15:07:27.579 +03:00 [INF] HTTP GET /Account/Profile responded 200 in 31.5134 ms
2026-01-22 15:07:29.149 +03:00 [INF] HTTP GET / responded 302 in 5.7314 ms
2026-01-22 15:07:29.171 +03:00 [INF] HTTP GET /Teachers/Dashboard responded 200 in 16.1171 ms
2026-01-22 15:07:31.531 +03:00 [INF] HTTP GET /Courses responded 200 in 127.3025 ms
2026-01-22 15:07:52.186 +03:00 [INF] HTTP GET /Exams responded 200 in 65.5188 ms
2026-01-22 15:07:55.647 +03:00 [INF] HTTP GET /Account/Profile responded 200 in 6.6323 ms
2026-01-22 15:07:56.999 +03:00 [INF] HTTP GET /Exams responded 200 in 9.5615 ms
2026-01-22 15:07:58.538 +03:00 [INF] HTTP GET /Courses responded 200 in 9.1212 ms
2026-01-22 15:08:01.233 +03:00 [INF] HTTP GET /Students responded 200 in 35.8761 ms
2026-01-22 15:08:05.112 +03:00 [INF] HTTP GET / responded 302 in 9.8170 ms
2026-01-22 15:08:05.140 +03:00 [INF] HTTP GET /Teachers/Dashboard responded 200 in 21.0241 ms
2026-01-22 15:08:08.179 +03:00 [INF] HTTP GET /Courses/Create responded 200 in 98.3199 ms
2026-01-22 15:08:08.213 +03:00 [INF] HTTP GET /lib/jquery-validation-unobtrusive/jquery.validate.unobtrusive.min.js responded 304 in 11.0650 ms
2026-01-22 15:08:08.213 +03:00 [INF] HTTP GET /lib/jquery-validation/dist/jquery.validate.min.js responded 304 in 8.1810 ms
2026-01-22 15:08:15.294 +03:00 [INF] HTTP GET /Students responded 200 in 8.9373 ms
2026-01-22 15:08:16.028 +03:00 [INF] HTTP GET /Courses responded 200 in 11.7227 ms
2026-01-22 15:08:16.726 +03:00 [INF] HTTP GET /Students responded 200 in 6.9137 ms
2026-01-22 15:08:18.257 +03:00 [INF] HTTP GET /Courses responded 200 in 7.5898 ms
2026-01-22 15:08:19.167 +03:00 [INF] HTTP GET /Students responded 200 in 6.4569 ms
2026-01-22 15:08:20.313 +03:00 [INF] HTTP GET / responded 302 in 4.4535 ms
2026-01-22 15:08:20.328 +03:00 [INF] HTTP GET /Teachers/Dashboard responded 200 in 8.9849 ms
2026-01-22 15:08:20.801 +03:00 [INF] HTTP GET /Students responded 200 in 7.3536 ms
2026-01-22 15:08:21.502 +03:00 [INF] HTTP GET /Exams responded 200 in 10.2785 ms
2026-01-22 15:08:22.562 +03:00 [INF] HTTP GET /Students responded 200 in 6.6486 ms
2026-01-22 15:08:33.869 +03:00 [INF] HTTP GET /Exams responded 200 in 7.0854 ms
2026-01-22 15:08:35.223 +03:00 [INF] HTTP GET /Exams/Details/1 responded 200 in 71.7116 ms
2026-01-22 15:08:40.582 +03:00 [INF] HTTP GET /Exams responded 200 in 6.8482 ms
2026-01-22 15:08:41.951 +03:00 [INF] HTTP GET /Exams/Create responded 200 in 43.9217 ms
2026-01-22 15:08:46.673 +03:00 [WRN] Compiling a query which loads related collections for more than one collection navigation, either via 'Include' or through projection, but no 'QuerySplittingBehavior' has been configured. By default, Entity Framework will use 'QuerySplittingBehavior.SingleQuery', which can potentially result in slow query performance. See https://go.microsoft.com/fwlink/?linkid=2134277 for more information. To identify the query that's triggering this warning call 'ConfigureWarnings(w => w.Throw(RelationalEventId.MultipleCollectionIncludeWarning))'.
2026-01-22 15:08:46.710 +03:00 [INF] HTTP GET /Schedule/Weekly responded 200 in 50.5622 ms
2026-01-22 15:08:50.193 +03:00 [INF] HTTP GET /Courses responded 200 in 8.1817 ms
2026-01-22 15:08:50.700 +03:00 [INF] HTTP GET /Exams responded 200 in 6.8725 ms
2026-01-22 15:08:57.752 +03:00 [INF] HTTP GET /Courses responded 200 in 10.6508 ms
2026-01-22 15:08:59.501 +03:00 [WRN] Compiling a query which loads related collections for more than one collection navigation, either via 'Include' or through projection, but no 'QuerySplittingBehavior' has been configured. By default, Entity Framework will use 'QuerySplittingBehavior.SingleQuery', which can potentially result in slow query performance. See https://go.microsoft.com/fwlink/?linkid=2134277 for more information. To identify the query that's triggering this warning call 'ConfigureWarnings(w => w.Throw(RelationalEventId.MultipleCollectionIncludeWarning))'.
2026-01-22 15:08:59.532 +03:00 [INF] HTTP GET /Courses/Details/3 responded 200 in 50.1761 ms
2026-01-22 15:09:03.341 +03:00 [INF] HTTP GET /Courses responded 200 in 7.1906 ms
2026-01-22 15:09:06.242 +03:00 [INF] HTTP GET /Courses/Edit/3 responded 200 in 52.3868 ms
2026-01-22 15:32:19.567 +03:00 [INF] Database initialized and seeded successfully
2026-01-22 15:32:19.687 +03:00 [INF] Starting HawkinsHS application
2026-01-22 15:32:20.546 +03:00 [INF] HTTP GET / responded 302 in 121.5930 ms
2026-01-22 15:32:20.659 +03:00 [WRN] Compiling a query which loads related collections for more than one collection navigation, either via 'Include' or through projection, but no 'QuerySplittingBehavior' has been configured. By default, Entity Framework will use 'QuerySplittingBehavior.SingleQuery', which can potentially result in slow query performance. See https://go.microsoft.com/fwlink/?linkid=2134277 for more information. To identify the query that's triggering this warning call 'ConfigureWarnings(w => w.Throw(RelationalEventId.MultipleCollectionIncludeWarning))'.
2026-01-22 15:32:20.882 +03:00 [INF] HTTP GET /Teachers/Dashboard responded 200 in 319.6518 ms
2026-01-22 15:32:20.920 +03:00 [INF] HTTP GET /HawkinsLogo.svg responded 200 in 36.3254 ms
2026-01-22 15:32:41.134 +03:00 [WRN] Compiling a query which loads related collections for more than one collection navigation, either via 'Include' or through projection, but no 'QuerySplittingBehavior' has been configured. By default, Entity Framework will use 'QuerySplittingBehavior.SingleQuery', which can potentially result in slow query performance. See https://go.microsoft.com/fwlink/?linkid=2134277 for more information. To identify the query that's triggering this warning call 'ConfigureWarnings(w => w.Throw(RelationalEventId.MultipleCollectionIncludeWarning))'.
2026-01-22 15:32:41.205 +03:00 [INF] HTTP GET /Courses/Details/1 responded 200 in 198.0803 ms
2026-01-22 15:32:48.227 +03:00 [INF] HTTP GET /Courses responded 200 in 45.2067 ms
2026-01-22 15:32:48.702 +03:00 [INF] HTTP GET /Exams responded 200 in 41.0585 ms
2026-01-22 15:32:50.692 +03:00 [INF] HTTP GET /Exams/Create responded 200 in 85.7008 ms
2026-01-22 15:32:54.339 +03:00 [INF] HTTP GET /Courses responded 200 in 12.3263 ms
2026-01-22 15:32:55.516 +03:00 [INF] HTTP GET /Courses/Create responded 200 in 48.8008 ms
2026-01-22 15:33:00.697 +03:00 [WRN] Compiling a query which loads related collections for more than one collection navigation, either via 'Include' or through projection, but no 'QuerySplittingBehavior' has been configured. By default, Entity Framework will use 'QuerySplittingBehavior.SingleQuery', which can potentially result in slow query performance. See https://go.microsoft.com/fwlink/?linkid=2134277 for more information. To identify the query that's triggering this warning call 'ConfigureWarnings(w => w.Throw(RelationalEventId.MultipleCollectionIncludeWarning))'.
2026-01-22 15:33:00.723 +03:00 [INF] HTTP GET /Schedule/Weekly responded 200 in 39.9109 ms
2026-01-22 15:33:05.983 +03:00 [INF] HTTP GET /Schedule/Weekly responded 200 in 10.6178 ms
2026-01-22 15:33:07.773 +03:00 [INF] HTTP GET /Students responded 200 in 22.6361 ms
2026-01-22 15:33:09.580 +03:00 [INF] HTTP GET / responded 302 in 5.4404 ms
2026-01-22 15:33:09.595 +03:00 [INF] HTTP GET /Teachers/Dashboard responded 200 in 9.2135 ms
2026-01-22 15:33:10.177 +03:00 [INF] HTTP GET /Students responded 200 in 7.2668 ms
2026-01-22 15:33:19.775 +03:00 [INF] HTTP GET /Account/Profile responded 200 in 19.1007 ms
2026-01-22 15:58:11.462 +03:00 [INF] Database initialized and seeded successfully
2026-01-22 15:58:11.586 +03:00 [INF] Starting HawkinsHS application
2026-01-22 15:58:12.384 +03:00 [INF] HTTP GET / responded 302 in 154.4739 ms
2026-01-22 15:58:12.529 +03:00 [WRN] Compiling a query which loads related collections for more than one collection navigation, either via 'Include' or through projection, but no 'QuerySplittingBehavior' has been configured. By default, Entity Framework will use 'QuerySplittingBehavior.SingleQuery', which can potentially result in slow query performance. See https://go.microsoft.com/fwlink/?linkid=2134277 for more information. To identify the query that's triggering this warning call 'ConfigureWarnings(w => w.Throw(RelationalEventId.MultipleCollectionIncludeWarning))'.
2026-01-22 15:58:13.062 +03:00 [INF] HTTP GET /Teachers/Dashboard responded 200 in 658.4144 ms
2026-01-22 15:58:13.072 +03:00 [INF] HTTP GET /HawkinsLogo.svg responded 304 in 4.6662 ms
2026-01-22 15:58:18.386 +03:00 [INF] HTTP GET /Students responded 200 in 98.8965 ms
2026-01-22 15:58:28.213 +03:00 [WRN] Compiling a query which loads related collections for more than one collection navigation, either via 'Include' or through projection, but no 'QuerySplittingBehavior' has been configured. By default, Entity Framework will use 'QuerySplittingBehavior.SingleQuery', which can potentially result in slow query performance. See https://go.microsoft.com/fwlink/?linkid=2134277 for more information. To identify the query that's triggering this warning call 'ConfigureWarnings(w => w.Throw(RelationalEventId.MultipleCollectionIncludeWarning))'.
2026-01-22 15:58:28.258 +03:00 [INF] HTTP GET /Students/Details/4 responded 200 in 92.9000 ms
2026-01-22 15:58:39.600 +03:00 [INF] HTTP GET / responded 302 in 11.7120 ms
2026-01-22 15:58:39.629 +03:00 [INF] HTTP GET /Teachers/Dashboard responded 200 in 22.0653 ms
2026-01-22 15:58:40.287 +03:00 [INF] HTTP GET /Students responded 200 in 10.9966 ms
2026-01-22 15:58:43.225 +03:00 [INF] HTTP GET /Courses responded 200 in 116.6935 ms
2026-01-22 15:58:50.062 +03:00 [INF] HTTP GET / responded 302 in 8.0756 ms
2026-01-22 15:58:50.085 +03:00 [INF] HTTP GET /Teachers/Dashboard responded 200 in 16.2142 ms
2026-01-22 15:58:56.635 +03:00 [INF] HTTP GET /Account/Profile responded 200 in 12.5203 ms
2026-01-22 15:59:00.368 +03:00 [INF] HTTP GET / responded 302 in 4.5109 ms
2026-01-22 15:59:00.383 +03:00 [INF] HTTP GET /Teachers/Dashboard responded 200 in 7.7252 ms
